-- Logs begin at Mon 2019-03-18 10:07:01 UTC+8:00, end at Mon 2019-04-08 16:19:44 UTC+8:00. --
Mar 18 10:07:01 stratix10-abil kernel: Booting Linux on physical CPU 0x0
Mar 18 10:07:01 stratix10-abil kernel: Linux version 4.12.29-nokia-r47 (oe-user@oe-host) (gcc version 7.3.0 (GCC) ) #1 SMP PREEMPT Wed Mar 27 10:14:05 UTC 2019
Mar 18 10:07:01 stratix10-abil kernel: Boot CPU: AArch64 Processor [410fd034]
Mar 18 10:07:01 stratix10-abil kernel: Machine model: SoCFPGA Stratix 10 ABIL
Mar 18 10:07:01 stratix10-abil kernel: earlycon: uart0 at MMIO32 0x00000000ffc02000 (options '115200n8')
Mar 18 10:07:01 stratix10-abil kernel: bootconsole [uart0] enabled
Mar 18 10:07:01 stratix10-abil kernel: efi: Getting EFI parameters from FDT:
Mar 18 10:07:01 stratix10-abil kernel: efi: UEFI not found.
Mar 18 10:07:01 stratix10-abil kernel: Reserved memory: created DMA memory pool at 0x0000000000000000, size 16 MiB
Mar 18 10:07:01 stratix10-abil kernel: OF: reserved mem: initialized node svcbuffer@0, compatible id shared-dma-pool
Mar 18 10:07:01 stratix10-abil kernel: cma: Reserved 16 MiB at 0x000000007f000000
Mar 18 10:07:01 stratix10-abil kernel: On node 0 totalpages: 457728
Mar 18 10:07:01 stratix10-abil kernel:   DMA zone: 7152 pages used for memmap
Mar 18 10:07:01 stratix10-abil kernel:   DMA zone: 0 pages reserved
Mar 18 10:07:01 stratix10-abil kernel:   DMA zone: 457728 pages, LIFO batch:31
Mar 18 10:07:01 stratix10-abil kernel: psci: probing for conduit method from DT.
Mar 18 10:07:01 stratix10-abil kernel: psci: PSCIv65535.65535 detected in firmware.
Mar 18 10:07:01 stratix10-abil kernel: psci: Using standard PSCI v0.2 function IDs
Mar 18 10:07:01 stratix10-abil kernel: psci: MIGRATE_INFO_TYPE not supported.
Mar 18 10:07:01 stratix10-abil kernel: psci: SMC Calling Convention v1.0
Mar 18 10:07:01 stratix10-abil kernel: percpu: Embedded 22 pages/cpu @ffff80007ef81000 s52888 r8192 d29032 u90112
Mar 18 10:07:01 stratix10-abil kernel: pcpu-alloc: s52888 r8192 d29032 u90112 alloc=22*4096
Mar 18 10:07:01 stratix10-abil kernel: pcpu-alloc: [0] 0 [0] 1 [0] 2 [0] 3 
Mar 18 10:07:01 stratix10-abil kernel: Detected VIPT I-cache on CPU0
Mar 18 10:07:01 stratix10-abil kernel: CPU features: enabling workaround for ARM erratum 845719
Mar 18 10:07:01 stratix10-abil kernel: Built 1 zonelists in Zone order, mobility grouping on.  Total pages: 450576
Mar 18 10:07:01 stratix10-abil kernel: Kernel command line: earlycon isolcpus=1,2,3 nohz_full=1,2,3 rcu_nocbs=1,2,3 kpti=0 console=ttyS0,115200n8 rootwait rw
Mar 18 10:07:01 stratix10-abil kernel: PID hash table entries: 4096 (order: 3, 32768 bytes)
Mar 18 10:07:01 stratix10-abil kernel: Dentry cache hash table entries: 262144 (order: 9, 2097152 bytes)
Mar 18 10:07:01 stratix10-abil kernel: Inode-cache hash table entries: 131072 (order: 8, 1048576 bytes)
Mar 18 10:07:01 stratix10-abil kernel: Memory: 1706000K/1830912K available (9660K kernel code, 1180K rwdata, 2484K rodata, 960K init, 738K bss, 108528K reserved, 16384K cma-reserved)
Mar 18 10:07:01 stratix10-abil kernel: Virtual kernel memory layout:
Mar 18 10:07:01 stratix10-abil kernel:     modules : 0xffff000000000000 - 0xffff000008000000   (   128 MB)
Mar 18 10:07:01 stratix10-abil kernel:     vmalloc : 0xffff000008000000 - 0xffff7dffbfff0000   (129022 GB)
Mar 18 10:07:01 stratix10-abil kernel:       .text : 0xffff000008080000 - 0xffff0000089f0000   (  9664 KB)
Mar 18 10:07:01 stratix10-abil kernel:     .rodata : 0xffff0000089f0000 - 0xffff000008c60000   (  2496 KB)
Mar 18 10:07:01 stratix10-abil kernel:       .init : 0xffff000008c60000 - 0xffff000008d50000   (   960 KB)
Mar 18 10:07:01 stratix10-abil kernel:       .data : 0xffff000008d50000 - 0xffff000008e77200   (  1181 KB)
Mar 18 10:07:01 stratix10-abil kernel:        .bss : 0xffff000008e77200 - 0xffff000008f2fbb4   (   739 KB)
Mar 18 10:07:01 stratix10-abil kernel:     fixed   : 0xffff7dfffe7fb000 - 0xffff7dfffec00000   (  4116 KB)
Mar 18 10:07:01 stratix10-abil kernel:     PCI I/O : 0xffff7dfffee00000 - 0xffff7dffffe00000   (    16 MB)
Mar 18 10:07:01 stratix10-abil kernel:     vmemmap : 0xffff7e0000000000 - 0xffff800000000000   (  2048 GB maximum)
Mar 18 10:07:01 stratix10-abil kernel:               0xffff7e0000040000 - 0xffff7e0002000000   (    31 MB actual)
Mar 18 10:07:01 stratix10-abil kernel:     memory  : 0xffff800001000000 - 0xffff800080000000   (  2032 MB)
Mar 18 10:07:01 stratix10-abil kernel: SLUB: HWalign=64, Order=0-3, MinObjects=0, CPUs=4, Nodes=1
Mar 18 10:07:01 stratix10-abil kernel: ftrace: allocating 32600 entries in 128 pages
Mar 18 10:07:01 stratix10-abil kernel: Preemptible hierarchical RCU implementation.
Mar 18 10:07:01 stratix10-abil kernel: NR_IRQS:64 nr_irqs:64 0
Mar 18 10:07:01 stratix10-abil kernel: GIC: Using split EOI/Deactivate mode
Mar 18 10:07:01 stratix10-abil kernel: NO_HZ: Full dynticks CPUs: 1-3.
Mar 18 10:07:01 stratix10-abil kernel: 	Offload RCU callbacks from CPUs: 1-3.
Mar 18 10:07:01 stratix10-abil kernel: arch_timer: cp15 timer(s) running at 400.00MHz (phys).
Mar 18 10:07:01 stratix10-abil kernel: clocksource: arch_sys_counter: mask: 0xffffffffffffff max_cycles: 0x5c4093a7d1, max_idle_ns: 440795210635 ns
Mar 18 10:07:01 stratix10-abil kernel: sched_clock: 56 bits at 400MHz, resolution 2ns, wraps every 4398046511103ns
Mar 18 10:07:01 stratix10-abil kernel: Console: colour dummy device 80x25
Mar 18 10:07:01 stratix10-abil kernel: Calibrating delay loop (skipped), value calculated using timer frequency.. 800.00 BogoMIPS (lpj=1600000)
Mar 18 10:07:01 stratix10-abil kernel: pid_max: default: 32768 minimum: 301
Mar 18 10:07:01 stratix10-abil kernel: Security Framework initialized
Mar 18 10:07:01 stratix10-abil kernel: Mount-cache hash table entries: 4096 (order: 3, 32768 bytes)
Mar 18 10:07:01 stratix10-abil kernel: Mountpoint-cache hash table entries: 4096 (order: 3, 32768 bytes)
Mar 18 10:07:01 stratix10-abil kernel: ASID allocator initialised with 32768 entries
Mar 18 10:07:01 stratix10-abil kernel: EFI services will not be available.
Mar 18 10:07:01 stratix10-abil kernel: smp: Bringing up secondary CPUs ...
Mar 18 10:07:01 stratix10-abil kernel: Detected VIPT I-cache on CPU1
Mar 18 10:07:01 stratix10-abil kernel: CPU1: Booted secondary processor [410fd034]
Mar 18 10:07:01 stratix10-abil kernel: Detected VIPT I-cache on CPU2
Mar 18 10:07:01 stratix10-abil kernel: CPU2: Booted secondary processor [410fd034]
Mar 18 10:07:01 stratix10-abil kernel: Detected VIPT I-cache on CPU3
Mar 18 10:07:01 stratix10-abil kernel: CPU3: Booted secondary processor [410fd034]
Mar 18 10:07:01 stratix10-abil kernel: smp: Brought up 1 node, 4 CPUs
Mar 18 10:07:01 stratix10-abil kernel: SMP: Total of 4 processors activated.
Mar 18 10:07:01 stratix10-abil kernel: CPU features: detected feature: 32-bit EL0 Support
Mar 18 10:07:01 stratix10-abil kernel: CPU features: kernel page table isolation forced OFF by command line option
Mar 18 10:07:01 stratix10-abil kernel: CPU: All CPU(s) started at EL2
Mar 18 10:07:01 stratix10-abil kernel: alternatives: patching kernel code
Mar 18 10:07:01 stratix10-abil kernel: devtmpfs: initialized
Mar 18 10:07:01 stratix10-abil kernel: DMI not present or invalid.
Mar 18 10:07:01 stratix10-abil kernel: clocksource: jiffies: mask: 0xffffffff max_cycles: 0xffffffff, max_idle_ns: 7645041785100000 ns
Mar 18 10:07:01 stratix10-abil kernel: futex hash table entries: 1024 (order: 5, 131072 bytes)
Mar 18 10:07:01 stratix10-abil kernel: xor: measuring software checksum speed
Mar 18 10:07:01 stratix10-abil kernel:    8regs     :  1528.000 MB/sec
Mar 18 10:07:01 stratix10-abil kernel:    8regs_prefetch:  1361.000 MB/sec
Mar 18 10:07:01 stratix10-abil kernel:    32regs    :  1874.000 MB/sec
Mar 18 10:07:01 stratix10-abil kernel:    32regs_prefetch:  1580.000 MB/sec
Mar 18 10:07:01 stratix10-abil kernel: xor: using function: 32regs (1874.000 MB/sec)
Mar 18 10:07:01 stratix10-abil kernel: NET: Registered protocol family 16
Mar 18 10:07:01 stratix10-abil kernel: cpuidle: using governor ladder
Mar 18 10:07:01 stratix10-abil kernel: cpuidle: using governor menu
Mar 18 10:07:01 stratix10-abil kernel: vdso: 2 pages (1 code @ ffff0000089f7000, 1 data @ ffff000008d54000)
Mar 18 10:07:01 stratix10-abil kernel: hw-breakpoint: found 6 breakpoint and 4 watchpoint registers.
Mar 18 10:07:01 stratix10-abil kernel: DMA: preallocated 256 KiB pool for atomic allocations
Mar 18 10:07:01 stratix10-abil kernel: HugeTLB registered 2 MB page size, pre-allocated 0 pages
Mar 18 10:07:01 stratix10-abil kernel: raid6: int64x1  gen()   266 MB/s
Mar 18 10:07:01 stratix10-abil kernel: raid6: int64x1  xor()   294 MB/s
Mar 18 10:07:01 stratix10-abil kernel: raid6: int64x2  gen()   463 MB/s
Mar 18 10:07:01 stratix10-abil kernel: raid6: int64x2  xor()   398 MB/s
Mar 18 10:07:01 stratix10-abil kernel: raid6: int64x4  gen()   703 MB/s
Mar 18 10:07:01 stratix10-abil kernel: raid6: int64x4  xor()   493 MB/s
Mar 18 10:07:01 stratix10-abil kernel: raid6: int64x8  gen()   657 MB/s
Mar 18 10:07:01 stratix10-abil kernel: raid6: int64x8  xor()   497 MB/s
Mar 18 10:07:01 stratix10-abil kernel: raid6: neonx1   gen()   486 MB/s
Mar 18 10:07:01 stratix10-abil kernel: raid6: neonx1   xor()   500 MB/s
Mar 18 10:07:01 stratix10-abil kernel: raid6: neonx2   gen()   790 MB/s
Mar 18 10:07:01 stratix10-abil kernel: raid6: neonx2   xor()   685 MB/s
Mar 18 10:07:01 stratix10-abil kernel: raid6: neonx4   gen()  1032 MB/s
Mar 18 10:07:01 stratix10-abil kernel: raid6: neonx4   xor()   783 MB/s
Mar 18 10:07:01 stratix10-abil kernel: raid6: neonx8   gen()  1045 MB/s
Mar 18 10:07:01 stratix10-abil kernel: raid6: neonx8   xor()   799 MB/s
Mar 18 10:07:01 stratix10-abil kernel: raid6: using algorithm neonx8 gen() 1045 MB/s
Mar 18 10:07:01 stratix10-abil kernel: raid6: .... xor() 799 MB/s, rmw enabled
Mar 18 10:07:01 stratix10-abil kernel: raid6: using intx1 recovery algorithm
Mar 18 10:07:01 stratix10-abil kernel: vgaarb: loaded
Mar 18 10:07:01 stratix10-abil kernel: Intel Service Layer Driver Initialized
Mar 18 10:07:01 stratix10-abil kernel: SCSI subsystem initialized
Mar 18 10:07:01 stratix10-abil kernel: usbcore: registered new interface driver usbfs
Mar 18 10:07:01 stratix10-abil kernel: usbcore: registered new interface driver hub
Mar 18 10:07:01 stratix10-abil kernel: usbcore: registered new device driver usb
Mar 18 10:07:01 stratix10-abil kernel: pps_core: LinuxPPS API ver. 1 registered
Mar 18 10:07:01 stratix10-abil kernel: pps_core: Software ver. 5.3.6 - Copyright 2005-2007 Rodolfo Giometti <giometti@linux.it>
Mar 18 10:07:01 stratix10-abil kernel: PTP clock support registered
Mar 18 10:07:01 stratix10-abil kernel: EDAC MC: Ver: 3.0.0
Mar 18 10:07:01 stratix10-abil kernel: EDAC DEBUG: edac_mc_sysfs_init: device mc created
Mar 18 10:07:01 stratix10-abil kernel: dmi: Firmware registration failed.
Mar 18 10:07:01 stratix10-abil kernel: FPGA manager framework
Mar 18 10:07:01 stratix10-abil kernel: fpga-region soc:base_fpga_region: FPGA Region probed
Mar 18 10:07:01 stratix10-abil kernel: clocksource: Switched to clocksource arch_sys_counter
Mar 18 10:07:01 stratix10-abil kernel: NET: Registered protocol family 2
Mar 18 10:07:01 stratix10-abil kernel: TCP established hash table entries: 16384 (order: 5, 131072 bytes)
Mar 18 10:07:01 stratix10-abil kernel: TCP bind hash table entries: 16384 (order: 6, 262144 bytes)
Mar 18 10:07:01 stratix10-abil kernel: TCP: Hash tables configured (established 16384 bind 16384)
Mar 18 10:07:01 stratix10-abil kernel: UDP hash table entries: 1024 (order: 3, 32768 bytes)
Mar 18 10:07:01 stratix10-abil kernel: UDP-Lite hash table entries: 1024 (order: 3, 32768 bytes)
Mar 18 10:07:01 stratix10-abil kernel: NET: Registered protocol family 1
Mar 18 10:07:01 stratix10-abil kernel: RPC: Registered named UNIX socket transport module.
Mar 18 10:07:01 stratix10-abil kernel: RPC: Registered udp transport module.
Mar 18 10:07:01 stratix10-abil kernel: RPC: Registered tcp transport module.
Mar 18 10:07:01 stratix10-abil kernel: RPC: Registered tcp NFSv4.1 backchannel transport module.
Mar 18 10:07:01 stratix10-abil kernel: PCI: CLS 0 bytes, default 128
Mar 18 10:07:01 stratix10-abil kernel: Trying to unpack rootfs image as initramfs...
Mar 18 10:07:01 stratix10-abil kernel: Freeing initrd memory: 57024K
Mar 18 10:07:01 stratix10-abil kernel: hw perfevents: enabled with armv8_pmuv3 PMU driver, 7 counters available
Mar 18 10:07:01 stratix10-abil kernel: workingset: timestamp_bits=46 max_order=19 bucket_order=0
Mar 18 10:07:01 stratix10-abil kernel: NFS: Registering the id_resolver key type
Mar 18 10:07:01 stratix10-abil kernel: Key type id_resolver registered
Mar 18 10:07:01 stratix10-abil kernel: Key type id_legacy registered
Mar 18 10:07:01 stratix10-abil kernel: jffs2: version 2.2. (NAND) © 2001-2006 Red Hat, Inc.
Mar 18 10:07:01 stratix10-abil kernel: yaffs: yaffs Installing.
Mar 18 10:07:01 stratix10-abil kernel: Block layer SCSI generic (bsg) driver version 0.4 loaded (major 246)
Mar 18 10:07:01 stratix10-abil kernel: io scheduler noop registered
Mar 18 10:07:01 stratix10-abil kernel: io scheduler deadline registered
Mar 18 10:07:01 stratix10-abil kernel: io scheduler cfq registered (default)
Mar 18 10:07:01 stratix10-abil kernel: io scheduler mq-deadline registered
Mar 18 10:07:01 stratix10-abil kernel: io scheduler kyber registered
Mar 18 10:07:01 stratix10-abil kernel: dma-pl330 ffda0000.pdma: Loaded driver for PL330 DMAC-341330
Mar 18 10:07:01 stratix10-abil kernel: dma-pl330 ffda0000.pdma: 	DBUFF-512x8bytes Num_Chans-8 Num_Peri-32 Num_Events-8
Mar 18 10:07:01 stratix10-abil kernel: Serial: 8250/16550 driver, 4 ports, IRQ sharing enabled
Mar 18 10:07:01 stratix10-abil kernel: console [ttyS0] disabled
Mar 18 10:07:01 stratix10-abil kernel: ffc02000.serial0: ttyS0 at MMIO 0xffc02000 (irq = 26, base_baud = 6250000) is a 16550A
Mar 18 10:07:01 stratix10-abil kernel: console [ttyS0] enabled
Mar 18 10:07:01 stratix10-abil kernel: bootconsole [uart0] disabled
Mar 18 10:07:01 stratix10-abil kernel: cacheinfo: Unable to detect cache hierarchy for CPU 0
Mar 18 10:07:01 stratix10-abil kernel: brd: module loaded
Mar 18 10:07:01 stratix10-abil kernel: loop: module loaded
Mar 18 10:07:01 stratix10-abil kernel: cadence-qspi ff8d2000.spi: n25q512a (65536 Kbytes)
Mar 18 10:07:01 stratix10-abil kernel: 2 ofpart partitions found on MTD device ff8d2000.spi.0
Mar 18 10:07:01 stratix10-abil kernel: Creating 2 MTD partitions on "ff8d2000.spi.0":
Mar 18 10:07:01 stratix10-abil kernel: 0x000000000000-0x000004000000 : "QSPI 64MB"
Mar 18 10:07:01 stratix10-abil kernel: 0x000000510000-0x000004000000 : "RSU firmware"
Mar 18 10:07:01 stratix10-abil kernel: libphy: Fixed MDIO Bus: probed
Mar 18 10:07:01 stratix10-abil kernel: socfpga-dwmac ff800000.ethernet: PTP uses main clock
Mar 18 10:07:01 stratix10-abil kernel: stmmac - user ID: 0x11, Synopsys ID: 0x37
Mar 18 10:07:01 stratix10-abil kernel: socfpga-dwmac ff800000.ethernet: Ring mode enabled
Mar 18 10:07:01 stratix10-abil kernel: socfpga-dwmac ff800000.ethernet: DMA HW capability register supported
Mar 18 10:07:01 stratix10-abil kernel: socfpga-dwmac ff800000.ethernet: Enhanced/Alternate descriptors
Mar 18 10:07:01 stratix10-abil kernel: socfpga-dwmac ff800000.ethernet: Enabled extended descriptors
Mar 18 10:07:01 stratix10-abil kernel: socfpga-dwmac ff800000.ethernet: RX Checksum Offload Engine supported
Mar 18 10:07:01 stratix10-abil kernel: socfpga-dwmac ff800000.ethernet: COE Type 2
Mar 18 10:07:01 stratix10-abil kernel: socfpga-dwmac ff800000.ethernet: TX Checksum insertion supported
Mar 18 10:07:01 stratix10-abil kernel: socfpga-dwmac ff800000.ethernet: Enable RX Mitigation via HW Watchdog Timer
Mar 18 10:07:01 stratix10-abil kernel: ehci_hcd: USB 2.0 'Enhanced' Host Controller (EHCI) Driver
Mar 18 10:07:01 stratix10-abil kernel: ehci-pci: EHCI PCI platform driver
Mar 18 10:07:01 stratix10-abil kernel: ehci-platform: EHCI generic platform driver
Mar 18 10:07:01 stratix10-abil kernel: usbcore: registered new interface driver usb-storage
Mar 18 10:07:01 stratix10-abil kernel: i2c /dev entries driver
Mar 18 10:07:01 stratix10-abil kernel: device-mapper: ioctl: 4.35.0-ioctl (2016-06-23) initialised: dm-devel@redhat.com
Mar 18 10:07:01 stratix10-abil kernel: EDAC MC: No ECC/ECC disabled [0x00000000]
Mar 18 10:07:01 stratix10-abil kernel: EDAC MC: regmap for altr,sdr-syscon lookup failed.
Mar 18 10:07:01 stratix10-abil kernel: sdhci: Secure Digital Host Controller Interface driver
Mar 18 10:07:01 stratix10-abil kernel: sdhci: Copyright(c) Pierre Ossman
Mar 18 10:07:01 stratix10-abil kernel: Synopsys Designware Multimedia Card Interface Driver
Mar 18 10:07:01 stratix10-abil kernel: sdhci-pltfm: SDHCI platform and OF driver helper
Mar 18 10:07:01 stratix10-abil kernel: usbcore: registered new interface driver usbhid
Mar 18 10:07:01 stratix10-abil kernel: usbhid: USB HID core driver
Mar 18 10:07:01 stratix10-abil kernel: fpga_manager fpga0: Stratix10 SOC FPGA Manager registered
Mar 18 10:07:01 stratix10-abil kernel: u32 classifier
Mar 18 10:07:01 stratix10-abil kernel:     Actions configured
Mar 18 10:07:01 stratix10-abil kernel: Netfilter messages via NETLINK v0.30.
Mar 18 10:07:01 stratix10-abil kernel: nf_conntrack version 0.5.0 (16384 buckets, 65536 max)
Mar 18 10:07:01 stratix10-abil kernel: NET: Registered protocol family 10
Mar 18 10:07:01 stratix10-abil kernel: Segment Routing with IPv6
Mar 18 10:07:01 stratix10-abil kernel: sit: IPv6, IPv4 and MPLS over IPv4 tunneling driver
Mar 18 10:07:01 stratix10-abil kernel: NET: Registered protocol family 17
Mar 18 10:07:01 stratix10-abil kernel: bridge: filtering via arp/ip/ip6tables is no longer available by default. Update your scripts to load br_netfilter if you need this.
Mar 18 10:07:01 stratix10-abil kernel: 8021q: 802.1Q VLAN Support v1.8
Mar 18 10:07:01 stratix10-abil kernel: Key type dns_resolver registered
Mar 18 10:07:01 stratix10-abil kernel: Btrfs loaded, crc32c=crc32c-generic
Mar 18 10:07:01 stratix10-abil kernel: Key type encrypted registered
Mar 18 10:07:01 stratix10-abil kernel: m25p80 spi1.0: n25q128a11 (16384 Kbytes)
Mar 18 10:07:01 stratix10-abil kernel: 9 ofpart partitions found on MTD device spi1.0
Mar 18 10:07:01 stratix10-abil kernel: Creating 9 MTD partitions on "spi1.0":
Mar 18 10:07:01 stratix10-abil kernel: 0x000000000000-0x000000080000 : "crtm creds"
Mar 18 10:07:01 stratix10-abil kernel: 0x000000080000-0x0000000f0000 : "board certificates"
Mar 18 10:07:01 stratix10-abil kernel: 0x0000000f0000-0x000000100000 : "board inventory"
Mar 18 10:07:01 stratix10-abil kernel: 0x000000100000-0x000000120000 : "boot environment 1"
Mar 18 10:07:01 stratix10-abil kernel: 0x000000120000-0x000000140000 : "boot environment 2"
Mar 18 10:07:01 stratix10-abil kernel: 0x000000140000-0x0000001a0000 : "module certificates 1"
Mar 18 10:07:01 stratix10-abil kernel: 0x0000001a0000-0x0000001f0000 : "module certificates 2"
Mar 18 10:07:01 stratix10-abil kernel: 0x0000001f0000-0x000000200000 : "module inventory"
Mar 18 10:07:01 stratix10-abil kernel: 0x000000200000-0x0000007f0000 : "spare"
Mar 18 10:07:01 stratix10-abil kernel: console [netcon0] enabled
Mar 18 10:07:01 stratix10-abil kernel: netconsole: network logging started
Mar 18 10:07:01 stratix10-abil kernel: hctosys: unable to open rtc device (rtc0)
Mar 18 10:07:01 stratix10-abil kernel: of_cfs_init
Mar 18 10:07:01 stratix10-abil kernel: of_cfs_init: OK
Mar 18 10:07:01 stratix10-abil kernel: 0.33V: disabling
Mar 18 10:07:01 stratix10-abil kernel: ttyS0 - failed to request DMA
Mar 18 10:07:01 stratix10-abil kernel: Freeing unused kernel memory: 960K
Mar 18 10:07:01 stratix10-abil systemd[1]: systemd 234 running in system mode. (+PAM -AUDIT -SELINUX +IMA -APPARMOR +SMACK +SYSVINIT +UTMP -LIBCRYPTSETUP -GCRYPT -GNUTLS +ACL +XZ -LZ4 -SECCOMP +BLKID -ELFUTILS +KMOD -IDN2 -IDN default-hierarchy=hybrid)
Mar 18 10:07:01 stratix10-abil systemd[1]: Detected architecture arm64.
Mar 18 10:07:01 stratix10-abil systemd[1]: Set hostname to <stratix10-abil>.
Mar 18 10:07:01 stratix10-abil kernel: random: systemd: uninitialized urandom read (16 bytes read)
Mar 18 10:07:01 stratix10-abil systemd[1]: Initializing machine ID from random generator.
Mar 18 10:07:01 stratix10-abil kernel: random: systemd: uninitialized urandom read (16 bytes read)
Mar 18 10:07:01 stratix10-abil systemd[1]: Listening on Journal Socket (/dev/log).
Mar 18 10:07:01 stratix10-abil kernel: random: systemd: uninitialized urandom read (16 bytes read)
Mar 18 10:07:01 stratix10-abil systemd[1]: Created slice User and Session Slice.
Mar 18 10:07:01 stratix10-abil kernel: random: systemd: uninitialized urandom read (16 bytes read)
Mar 18 10:07:01 stratix10-abil systemd[1]: Listening on /dev/initctl Compatibility Named Pipe.
Mar 18 10:07:01 stratix10-abil kernel: random: systemd: uninitialized urandom read (16 bytes read)
Mar 18 10:07:01 stratix10-abil systemd[1]: Started Forward Password Requests to Wall Directory Watch.
Mar 18 10:07:01 stratix10-abil kernel: random: systemd: uninitialized urandom read (16 bytes read)
Mar 18 10:07:01 stratix10-abil systemd[1]: Listening on udev Kernel Socket.
Mar 18 10:07:01 stratix10-abil kernel: random: systemd: uninitialized urandom read (16 bytes read)
Mar 18 10:07:01 stratix10-abil systemd[1]: Listening on udev Control Socket.
Mar 18 10:07:01 stratix10-abil kernel: random: systemd: uninitialized urandom read (16 bytes read)
Mar 18 10:07:01 stratix10-abil kernel: random: systemd: uninitialized urandom read (16 bytes read)
Mar 18 10:07:01 stratix10-abil kernel: random: systemd: uninitialized urandom read (16 bytes read)
Mar 18 10:07:01 stratix10-abil kernel: openvswitch: Open vSwitch switching datapath
Mar 18 10:07:01 stratix10-abil systemd-journald[150]: Journal started
Mar 18 10:07:01 stratix10-abil systemd-journald[150]: Runtime journal (/run/log/journal/848ecb3a06ac4f778cf143ecb2360e91) is 8.0M, max 64.0M, 56.0M free.
Mar 18 10:07:01 stratix10-abil systemd-modules-load[144]: Inserted module 'openvswitch'
Mar 18 10:07:01 stratix10-abil systemd[1]: Starting Flush Journal to Persistent Storage...
Mar 18 10:07:01 stratix10-abil systemd[1]: Starting Rebuild Hardware Database...
Mar 18 10:07:01 stratix10-abil systemd[1]: Starting Create System Users...
Mar 18 10:07:01 stratix10-abil systemd[1]: Mounting Kernel Configuration File System...
Mar 18 10:07:01 stratix10-abil systemd-journald[150]: Runtime journal (/run/log/journal/848ecb3a06ac4f778cf143ecb2360e91) is 8.0M, max 64.0M, 56.0M free.
Mar 18 10:07:01 stratix10-abil systemd[1]: Starting Apply Kernel Variables...
Mar 18 10:07:01 stratix10-abil systemd[1]: Mounted Kernel Configuration File System.
Mar 18 10:07:01 stratix10-abil systemd-sysctl[160]: Couldn't write 'fq_codel' to 'net/core/default_qdisc', ignoring: No such file or directory
Mar 18 10:07:01 stratix10-abil systemd[1]: Started Apply Kernel Variables.
Mar 18 10:07:01 stratix10-abil systemd-sysusers[158]: Creating group kvm with gid 987.
Mar 18 10:07:01 stratix10-abil systemd-sysusers[158]: Creating group wheel with gid 986.
Mar 18 10:07:01 stratix10-abil systemd-sysusers[158]: Creating group nobody with gid 985.
Mar 18 10:07:01 stratix10-abil systemd[1]: Started Create System Users.
Mar 18 10:07:01 stratix10-abil systemd[1]: Started Flush Journal to Persistent Storage.
Mar 18 10:07:02 stratix10-abil systemd[1]: Starting Create Static Device Nodes in /dev...
Mar 18 10:07:02 stratix10-abil systemd[1]: Started Create Static Device Nodes in /dev.
Mar 18 10:07:02 stratix10-abil systemd[1]: Starting udev Kernel Device Manager...
Mar 18 10:07:02 stratix10-abil systemd[1]: Reached target Local File Systems (Pre).
Mar 18 10:07:02 stratix10-abil systemd[1]: Mounting /var/volatile...
Mar 18 10:07:02 stratix10-abil systemd[1]: Mounted /var/volatile.
Mar 18 10:07:02 stratix10-abil systemd[1]: Starting Load/Save Random Seed...
Mar 18 10:07:02 stratix10-abil systemd[1]: Reached target Local File Systems.
Mar 18 10:07:02 stratix10-abil systemd[1]: Starting Create Volatile Files and Directories...
Mar 18 10:07:02 stratix10-abil systemd[1]: Starting Rebuild Dynamic Linker Cache...
Mar 18 10:07:02 stratix10-abil systemd[1]: Starting Rebuild Journal Catalog...
Mar 18 10:07:02 stratix10-abil systemd[1]: Started udev Kernel Device Manager.
Mar 18 10:07:02 stratix10-abil systemd[1]: Started Load/Save Random Seed.
Mar 18 10:07:02 stratix10-abil systemd[1]: Started Rebuild Journal Catalog.
Mar 18 10:07:02 stratix10-abil systemd-tmpfiles[171]: "/var/tmp" already exists and is not a directory.
Mar 18 10:07:02 stratix10-abil systemd-tmpfiles[171]: "/var/log" already exists and is not a directory.
Mar 18 10:07:02 stratix10-abil systemd[1]: Started Rebuild Dynamic Linker Cache.
Mar 18 10:07:02 stratix10-abil systemd[1]: Started Create Volatile Files and Directories.
Mar 18 10:07:02 stratix10-abil systemd[1]: Starting Update UTMP about System Boot/Shutdown...
Mar 18 10:07:02 stratix10-abil systemd[1]: Started Update UTMP about System Boot/Shutdown.
Mar 18 10:07:03 stratix10-abil systemd[1]: Started Rebuild Hardware Database.
Mar 18 10:07:03 stratix10-abil systemd[1]: Starting Update is Completed...
Mar 18 10:07:03 stratix10-abil systemd[1]: Starting udev Coldplug all Devices...
Mar 18 10:07:03 stratix10-abil systemd[1]: Started Update is Completed.
Mar 18 10:07:04 stratix10-abil systemd[1]: Started udev Coldplug all Devices.
Mar 18 10:07:04 stratix10-abil systemd[1]: Reached target System Initialization.
Mar 18 10:07:04 stratix10-abil systemd[1]: Starting sshd.socket.
Mar 18 10:07:04 stratix10-abil systemd[1]: Started uSAS autodetection file watch.
Mar 18 10:07:04 stratix10-abil systemd[1]: Started uSAS System Communication Daemon File Watch.
Mar 18 10:07:04 stratix10-abil systemd[1]: Listening on D-Bus System Message Bus Socket.
Mar 18 10:07:04 stratix10-abil systemd[1]: Listening on RPCbind Server Activation Socket.
Mar 18 10:07:04 stratix10-abil systemd[1]: Started uSAS trbl file watch.
Mar 18 10:07:04 stratix10-abil systemd[1]: Reached target Paths.
Mar 18 10:07:04 stratix10-abil kernel: random: fast init done
Mar 18 10:07:04 stratix10-abil systemd[1]: Started Daily Cleanup of Temporary Directories.
Mar 18 10:07:04 stratix10-abil systemd[1]: Listening on sshd.socket.
Mar 18 10:07:04 stratix10-abil systemd[1]: Found device /dev/ttyS0.
Mar 18 10:07:04 stratix10-abil systemd[1]: Reached target Sockets.
Mar 18 10:07:04 stratix10-abil systemd[1]: Reached target Basic System.
Mar 18 10:07:04 stratix10-abil systemd[1]: Starting Generate dynamic /etc/mountenv file...
Mar 18 10:07:04 stratix10-abil systemd[1]: Starting OpenSSH Key Generation...
Mar 18 10:07:04 stratix10-abil systemd[1]: Started Set device hostname.
Mar 18 10:07:04 stratix10-abil systemd[1]: Started System Logging Service.
Mar 18 10:07:04 stratix10-abil systemd[1]: Starting Login Service...
Mar 18 10:07:04 stratix10-abil systemd[1]: Started uSAS configurable log collector service for L1 SW.
Mar 18 10:07:04 stratix10-abil systemd[1]: Reached target Containers.
Mar 18 10:07:04 stratix10-abil systemd[1]: Starting RPC Bind Service...
Mar 18 10:07:04 stratix10-abil systemd[1]: Started D-Bus System Message Bus.
Mar 18 10:07:04 stratix10-abil dbus[209]: [system] Successfully activated service 'org.freedesktop.systemd1'
Mar 18 10:07:04 stratix10-abil systemd[1]: Starting uSAS log collector service...
Mar 18 10:07:04 stratix10-abil systemd[1]: Started Kernel Logging Service.
Mar 18 10:07:04 stratix10-abil kernel[229]: klogd started: BusyBox v1.24.1 (2019-03-18 03:13:47 UTC)
Mar 18 10:07:04 stratix10-abil kernel[229]: [    0.000000] Booting Linux on physical CPU 0x0
Mar 18 10:07:04 stratix10-abil kernel[229]: [    0.000000] Linux version 4.12.29-nokia-r47 (oe-user@oe-host) (gcc version 7.3.0 (GCC) ) #1 SMP PREEMPT Wed Mar 27 10:14:05 UTC 2019
Mar 18 10:07:04 stratix10-abil kernel[229]: [    0.000000] Boot CPU: AArch64 Processor [410fd034]
Mar 18 10:07:04 stratix10-abil kernel[229]: [    0.000000] Machine model: SoCFPGA Stratix 10 ABIL
Mar 18 10:07:04 stratix10-abil systemd[1]: Starting Create HPS Ethernet interface...
Mar 18 10:07:04 stratix10-abil kernel[229]: [    0.000000] earlycon: uart0 at MMIO32 0x00000000ffc02000 (options '115200n8')
Mar 18 10:07:04 stratix10-abil systemd[1]: Starting Generate dynamic /etc/hosts file...
Mar 18 10:07:04 stratix10-abil kernel[229]: [    0.000000] bootconsole [uart0] enabled
Mar 18 10:07:04 stratix10-abil systemd[1]: Started RPC Bind Service.
Mar 18 10:07:04 stratix10-abil kernel[229]: [    0.000000] efi: Getting EFI parameters from FDT:
Mar 18 10:07:04 stratix10-abil systemd[1]: Found device /dev/mtdblock2.
Mar 18 10:07:04 stratix10-abil kernel[229]: [    0.000000] efi: UEFI not found.
Mar 18 10:07:04 stratix10-abil systemd[1]: Found device /dev/mtdblock3.
Mar 18 10:07:04 stratix10-abil kernel[229]: [    0.000000] Reserved memory: created DMA memory pool at 0x0000000000000000, size 16 MiB
Mar 18 10:07:04 stratix10-abil systemd[1]: Mounting Cramfs crtm mount /etc/keys.d/bcerts/...
Mar 18 10:07:04 stratix10-abil kernel[229]: [    0.000000] OF: reserved mem: initialized node svcbuffer@0, compatible id shared-dma-pool
Mar 18 10:07:04 stratix10-abil systemd-logind[203]: New seat seat0.
Mar 18 10:07:04 stratix10-abil kernel[229]: [    0.000000] cma: Reserved 16 MiB at 0x000000007f000000
Mar 18 10:07:04 stratix10-abil systemd[1]: Mounting Cramfs cert mount /etc/keys.d/board/...
Mar 18 10:07:04 stratix10-abil kernel[229]: [    0.000000] On node 0 totalpages: 457728
Mar 18 10:07:04 stratix10-abil systemd[1]: Started Login Service.
Mar 18 10:07:04 stratix10-abil kernel[229]: [    0.000000]   DMA zone: 7152 pages used for memmap
Mar 18 10:07:04 stratix10-abil systemd[1]: Mounted Cramfs crtm mount /etc/keys.d/bcerts/.
Mar 18 10:07:04 stratix10-abil kernel[229]: [    0.000000]   DMA zone: 0 pages reserved
Mar 18 10:07:04 stratix10-abil systemd[1]: Mounted Cramfs cert mount /etc/keys.d/board/.
Mar 18 10:07:04 stratix10-abil kernel[229]: [    0.000000]   DMA zone: 457728 pages, LIFO batch:31
Mar 18 10:07:04 stratix10-abil systemd[1]: Starting uSAS HW detector...
Mar 18 10:07:04 stratix10-abil kernel[229]: [    0.000000] psci: probing for conduit method from DT.
Mar 18 10:07:04 stratix10-abil systemd[1]: Started uSAS log collector service.
Mar 18 10:07:04 stratix10-abil kernel[229]: [    0.000000] psci: PSCIv65535.65535 detected in firmware.
Mar 18 10:07:05 stratix10-abil systemd[1]: Starting Hostname Service...
Mar 18 10:07:04 stratix10-abil kernel[229]: [    0.000000] psci: Using standard PSCI v0.2 function IDs
Mar 18 10:07:04 stratix10-abil kernel[229]: [    0.000000] psci: MIGRATE_INFO_TYPE not supported.
Mar 18 10:07:04 stratix10-abil kernel[229]: [    0.000000] psci: SMC Calling Convention v1.0
Mar 18 10:07:05 stratix10-abil kernel: socfpga-dwmac ff800000.ethernet etha01: renamed from eth0
Mar 18 10:07:05 stratix10-abil systemd[1]: Started Generate dynamic /etc/mountenv file.
Mar 18 10:07:04 stratix10-abil kernel[229]: [    0.000000] percpu: Embedded 22 pages/cpu @ffff80007ef81000 s52888 r8192 d29032 u90112
Mar 18 10:07:04 stratix10-abil kernel[229]: [    0.000000] pcpu-alloc: s52888 r8192 d29032 u90112 alloc=22*4096
Mar 18 10:07:04 stratix10-abil kernel[229]: [    0.000000] pcpu-alloc: [0] 0 [0] 1 [0] 2 [0] 3
Mar 18 10:07:04 stratix10-abil kernel[229]: [    0.000000] Detected VIPT I-cache on CPU0
Mar 18 10:07:04 stratix10-abil kernel[229]: [    0.000000] CPU features: enabling workaround for ARM erratum 845719
Mar 18 10:07:04 stratix10-abil kernel[229]: [    0.000000] Built 1 zonelists in Zone order, mobility grouping on.  Total pages: 450576
Mar 18 10:07:04 stratix10-abil kernel[229]: [    0.000000] Kernel command line: earlycon isolcpus=1,2,3 nohz_full=1,2,3 rcu_nocbs=1,2,3 kpti=0 console=ttyS0,115200n8 rootwait rw
Mar 18 10:07:04 stratix10-abil kernel[229]: [    0.000000] PID hash table entries: 4096 (order: 3, 32768 bytes)
Mar 18 10:07:05 stratix10-abil bash[272]: net.ipv6.conf.etha01.disable_ipv6 = 1
Mar 18 10:07:04 stratix10-abil kernel[229]: [    0.000000] Dentry cache hash table entries: 262144 (order: 9, 2097152 bytes)
Mar 18 10:07:04 stratix10-abil kernel[229]: [    0.000000] Inode-cache hash table entries: 131072 (order: 8, 1048576 bytes)
Mar 18 10:07:04 stratix10-abil kernel[229]: [    0.000000] Memory: 1706000K/1830912K available (9660K kernel code, 1180K rwdata, 2484K rodata, 960K init, 738K bss, 108528K reserved, 16384K cma-reserved)
Mar 18 10:07:04 stratix10-abil kernel[229]: [    0.000000] Virtual kernel memory layout:
Mar 18 10:07:04 stratix10-abil kernel[229]: [    0.000000]     modules : 0xffff000000000000 - 0xffff000008000000   (   128 MB)
Mar 18 10:07:04 stratix10-abil kernel[229]: [    0.000000]     vmalloc : 0xffff000008000000 - 0xffff7dffbfff0000   (129022 GB)
Mar 18 10:07:04 stratix10-abil kernel[229]: [    0.000000]       .text : 0xffff000008080000 - 0xffff0000089f0000   (  9664 KB)
Mar 18 10:07:04 stratix10-abil kernel[229]: [    0.000000]     .rodata : 0xffff0000089f0000 - 0xffff000008c60000   (  2496 KB)
Mar 18 10:07:04 stratix10-abil kernel[229]: [    0.000000]       .init : 0xffff000008c60000 - 0xffff000008d50000   (   960 KB)
Mar 18 10:07:04 stratix10-abil kernel[229]: [    0.000000]       .data : 0xffff000008d50000 - 0xffff000008e77200   (  1181 KB)
Mar 18 10:07:04 stratix10-abil kernel[229]: [    0.000000]        .bss : 0xffff000008e77200 - 0xffff000008f2fbb4   (   739 KB)
Mar 18 10:07:04 stratix10-abil kernel[229]: [    0.000000]     fixed   : 0xffff7dfffe7fb000 - 0xffff7dfffec00000   (  4116 KB)
Mar 18 10:07:04 stratix10-abil kernel[229]: [    0.000000]     PCI I/O : 0xffff7dfffee00000 - 0xffff7dffffe00000   (    16 MB)
Mar 18 10:07:04 stratix10-abil kernel[229]: [    0.000000]     vmemmap : 0xffff7e0000000000 - 0xffff800000000000   (  2048 GB maximum)
Mar 18 10:07:04 stratix10-abil kernel[229]: [    0.000000]               0xffff7e0000040000 - 0xffff7e0002000000   (    31 MB actual)
Mar 18 10:07:04 stratix10-abil kernel[229]: [    0.000000]     memory  : 0xffff800001000000 - 0xffff800080000000   (  2032 MB)
Mar 18 10:07:04 stratix10-abil kernel[229]: [    0.000000] SLUB: HWalign=64, Order=0-3, MinObjects=0, CPUs=4, Nodes=1
Mar 18 10:07:04 stratix10-abil kernel[229]: [    0.000000] ftrace: allocating 32600 entries in 128 pages
Mar 18 10:07:04 stratix10-abil kernel[229]: [    0.000000] Preemptible hierarchical RCU implementation.
Mar 18 10:07:05 stratix10-abil kernel: Generic PHY fixed-0:00: attached PHY driver [Generic PHY] (mii_bus:phy_addr=fixed-0:00, irq=-1)
Mar 18 10:07:05 stratix10-abil kernel: socfpga-dwmac ff800000.ethernet etha01: IEEE 1588-2008 Advanced Timestamp supported
Mar 18 10:07:04 stratix10-abil kernel[229]: [    0.000000] NR_IRQS:64 nr_irqs:64 0
Mar 18 10:07:04 stratix10-abil kernel[229]: [    0.000000] GIC: Using split EOI/Deactivate mode
Mar 18 10:07:04 stratix10-abil kernel[229]: [    0.000000] NO_HZ: Full dynticks CPUs: 1-3.
Mar 18 10:07:04 stratix10-abil kernel[229]: [    0.000000] 	Offload RCU callbacks from CPUs: 1-3.
Mar 18 10:07:04 stratix10-abil kernel[229]: [    0.000000] arch_timer: cp15 timer(s) running at 400.00MHz (phys).
Mar 18 10:07:04 stratix10-abil kernel[229]: [    0.000000] clocksource: arch_sys_counter: mask: 0xffffffffffffff max_cycles: 0x5c4093a7d1, max_idle_ns: 440795210635 ns
Mar 18 10:07:04 stratix10-abil kernel[229]: [    0.000005] sched_clock: 56 bits at 400MHz, resolution 2ns, wraps every 4398046511103ns
Mar 18 10:07:04 stratix10-abil kernel[229]: [    0.008324] Console: colour dummy device 80x25
Mar 18 10:07:04 stratix10-abil kernel[229]: [    0.012860] Calibrating delay loop (skipped), value calculated using timer frequency.. 800.00 BogoMIPS (lpj=1600000)
Mar 18 10:07:04 stratix10-abil kernel[229]: [    0.023358] pid_max: default: 32768 minimum: 301
Mar 18 10:07:05 stratix10-abil kernel: socfpga-dwmac ff800000.ethernet etha01: registered PTP clock
Mar 18 10:07:05 asp-5c systemd[1]: Started Hostname Service.
Mar 18 10:07:04 asp-5c kernel[229]: [    0.028130] Security Framework initialized
Mar 18 10:07:05 asp-5c systemd-hostnamed[259]: Changed static host name to 'asp-5c'
Mar 18 10:07:04 asp-5c kernel[229]: [    0.032457] Mount-cache hash table entries: 4096 (order: 3, 32768 bytes)
Mar 18 10:07:05 asp-5c systemd-hostnamed[259]: Changed host name to 'asp-5c'
Mar 18 10:07:04 asp-5c kernel[229]: [    0.039263] Mountpoint-cache hash table entries: 4096 (order: 3, 32768 bytes)
Mar 18 10:07:04 asp-5c kernel[229]: [    0.062605] ASID allocator initialised with 32768 entries
Mar 18 10:07:04 asp-5c kernel[229]: [    0.077828] EFI services will not be available.
Mar 18 10:07:04 asp-5c kernel[229]: [    0.090478] smp: Bringing up secondary CPUs ...
Mar 18 10:07:04 asp-5c kernel[229]: [    0.123448] Detected VIPT I-cache on CPU1
Mar 18 10:07:04 asp-5c kernel[229]: [    0.123512] CPU1: Booted secondary processor [410fd034]
Mar 18 10:07:04 asp-5c kernel[229]: [    0.151523] Detected VIPT I-cache on CPU2
Mar 18 10:07:04 asp-5c kernel[229]: [    0.151555] CPU2: Booted secondary processor [410fd034]
Mar 18 10:07:04 asp-5c kernel[229]: [    0.179604] Detected VIPT I-cache on CPU3
Mar 18 10:07:05 asp-5c systemd[1]: Started Create HPS Ethernet interface.
Mar 18 10:07:04 asp-5c kernel[229]: [    0.179635] CPU3: Booted secondary processor [410fd034]
Mar 18 10:07:05 asp-5c systemd[1]: Starting Create HPS LMP Ethernet interface...
Mar 18 10:07:04 asp-5c kernel[229]: [    0.179744] smp: Brought up 1 node, 4 CPUs
Mar 18 10:07:05 asp-5c systemd[1]: Starting Configure HPS Ethernet interface...
Mar 18 10:07:04 asp-5c kernel[229]: [    0.211746] SMP: Total of 4 processors activated.
Mar 18 10:07:04 asp-5c kernel[229]: [    0.216523] CPU features: detected feature: 32-bit EL0 Support
Mar 18 10:07:04 asp-5c kernel[229]: [    0.222395] CPU features: kernel page table isolation forced OFF by command line option
Mar 18 10:07:05 asp-5c bash[309]: net.ipv6.conf.ethlmp0.disable_ipv6 = 1
Mar 18 10:07:04 asp-5c kernel[229]: [    0.230528] CPU: All CPU(s) started at EL2
Mar 18 10:07:05 asp-5c systemd[1]: Started Create HPS LMP Ethernet interface.
Mar 18 10:07:04 asp-5c kernel[229]: [    0.234710] alternatives: patching kernel code
Mar 18 10:07:04 asp-5c kernel[229]: [    0.239926] devtmpfs: initialized
Mar 18 10:07:05 asp-5c systemd[1]: Starting Configure HPS LMP Ethernet interface...
Mar 18 10:07:04 asp-5c kernel[229]: [    0.251551] DMI not present or invalid.
Mar 18 10:07:04 asp-5c kernel[229]: [    0.255646] clocksource: jiffies: mask: 0xffffffff max_cycles: 0xffffffff, max_idle_ns: 7645041785100000 ns
Mar 18 10:07:04 asp-5c kernel[229]: [    0.265502] futex hash table entries: 1024 (order: 5, 131072 bytes)
Mar 18 10:07:04 asp-5c kernel[229]: [    0.272738] xor: measuring software checksum speed
Mar 18 10:07:04 asp-5c kernel[229]: [    0.317692]    8regs     :  1528.000 MB/sec
Mar 18 10:07:04 asp-5c kernel[229]: [    0.361947]    8regs_prefetch:  1361.000 MB/sec
Mar 18 10:07:04 asp-5c kernel[229]: [    0.406624]    32regs    :  1874.000 MB/sec
Mar 18 10:07:04 asp-5c kernel[229]: [    0.450903]    32regs_prefetch:  1580.000 MB/sec
Mar 18 10:07:04 asp-5c kernel[229]: [    0.455556] xor: using function: 32regs (1874.000 MB/sec)
Mar 18 10:07:04 asp-5c kernel[229]: [    0.461860] NET: Registered protocol family 16
Mar 18 10:07:04 asp-5c kernel[229]: [    0.470431] cpuidle: using governor ladder
Mar 18 10:07:04 asp-5c kernel[229]: [    0.474584] cpuidle: using governor menu
Mar 18 10:07:04 asp-5c kernel[229]: [    0.478759] vdso: 2 pages (1 code @ ffff0000089f7000, 1 data @ ffff000008d54000)
Mar 18 10:07:04 asp-5c kernel[229]: [    0.486225] hw-breakpoint: found 6 breakpoint and 4 watchpoint registers.
Mar 18 10:07:04 asp-5c kernel[229]: [    0.494309] DMA: preallocated 256 KiB pool for atomic allocations
Mar 18 10:07:04 asp-5c kernel[229]: [    0.516641] HugeTLB registered 2 MB page size, pre-allocated 0 pages
Mar 18 10:07:04 asp-5c kernel[229]: [    0.599470] raid6: int64x1  gen()   266 MB/s
Mar 18 10:07:04 asp-5c kernel[229]: [    0.672034] raid6: int64x1  xor()   294 MB/s
Mar 18 10:07:04 asp-5c kernel[229]: [    0.744654] raid6: int64x2  gen()   463 MB/s
Mar 18 10:07:04 asp-5c kernel[229]: [    0.817188] raid6: int64x2  xor()   398 MB/s
Mar 18 10:07:04 asp-5c kernel[229]: [    0.889707] raid6: int64x4  gen()   703 MB/s
Mar 18 10:07:04 asp-5c kernel[229]: [    0.962280] raid6: int64x4  xor()   493 MB/s
Mar 18 10:07:04 asp-5c kernel[229]: [    1.034827] raid6: int64x8  gen()   657 MB/s
Mar 18 10:07:04 asp-5c kernel[229]: [    1.107355] raid6: int64x8  xor()   497 MB/s
Mar 18 10:07:06 asp-5c kernel: Generic PHY fixed-0:00: attached PHY driver [Generic PHY] (mii_bus:phy_addr=fixed-0:00, irq=-1)
Mar 18 10:07:06 asp-5c kernel: socfpga-dwmac ff800000.ethernet etha01: IEEE 1588-2008 Advanced Timestamp supported
Mar 18 10:07:04 asp-5c kernel[229]: [    1.179848] raid6: neonx1   gen()   486 MB/s
Mar 18 10:07:04 asp-5c kernel[229]: [    1.252293] raid6: neonx1   xor()   500 MB/s
Mar 18 10:07:04 asp-5c kernel[229]: [    1.324810] raid6: neonx2   gen()   790 MB/s
Mar 18 10:07:04 asp-5c kernel[229]: [    1.397340] raid6: neonx2   xor()   685 MB/s
Mar 18 10:07:04 asp-5c kernel[229]: [    1.469849] raid6: neonx4   gen()  1032 MB/s
Mar 18 10:07:04 asp-5c kernel[229]: [    1.542317] raid6: neonx4   xor()   783 MB/s
Mar 18 10:07:04 asp-5c kernel[229]: [    1.614870] raid6: neonx8   gen()  1045 MB/s
Mar 18 10:07:04 asp-5c kernel[229]: [    1.687355] raid6: neonx8   xor()   799 MB/s
Mar 18 10:07:04 asp-5c kernel[229]: [    1.691689] raid6: using algorithm neonx8 gen() 1045 MB/s
Mar 18 10:07:04 asp-5c kernel[229]: [    1.697170] raid6: .... xor() 799 MB/s, rmw enabled
Mar 18 10:07:06 asp-5c kernel: socfpga-dwmac ff800000.ethernet etha01: registered PTP clock
Mar 18 10:07:04 asp-5c kernel[229]: [    1.702081] raid6: using intx1 recovery algorithm
Mar 18 10:07:04 asp-5c kernel[229]: [    1.707480] vgaarb: loaded
Mar 18 10:07:04 asp-5c kernel[229]: [    1.710948] Intel Service Layer Driver Initialized
Mar 18 10:07:04 asp-5c kernel[229]: [    1.716168] SCSI subsystem initialized
Mar 18 10:07:04 asp-5c kernel[229]: [    1.720266] usbcore: registered new interface driver usbfs
Mar 18 10:07:04 asp-5c kernel[229]: [    1.725934] usbcore: registered new interface driver hub
Mar 18 10:07:04 asp-5c kernel[229]: [    1.731366] usbcore: registered new device driver usb
Mar 18 10:07:04 asp-5c kernel[229]: [    1.736871] pps_core: LinuxPPS API ver. 1 registered
Mar 18 10:07:04 asp-5c kernel[229]: [    1.741932] pps_core: Software ver. 5.3.6 - Copyright 2005-2007 Rodolfo Giometti <giometti@linux.it>
Mar 18 10:07:06 asp-5c systemd[1]: Started Configure HPS Ethernet interface.
Mar 18 10:07:04 asp-5c kernel[229]: [    1.751234] PTP clock support registered
Mar 18 10:07:06 asp-5c systemd[1]: Started Configure HPS LMP Ethernet interface.
Mar 18 10:07:04 asp-5c kernel[229]: [    1.759292] EDAC MC: Ver: 3.0.0
Mar 18 10:07:06 asp-5c systemd[1]: Reached target Network (Pre).
Mar 18 10:07:04 asp-5c kernel[229]: [    1.762536] EDAC DEBUG: edac_mc_sysfs_init: device mc created
Mar 18 10:07:06 asp-5c systemd[1]: Starting Network Service...
Mar 18 10:07:04 asp-5c kernel[229]: [    1.763342] dmi: Firmware registration failed.
Mar 18 10:07:06 asp-5c systemd[1]: Starting DHCP client configurator service...
Mar 18 10:07:04 asp-5c kernel[229]: [    1.767896] FPGA manager framework
Mar 18 10:07:04 asp-5c kernel[229]: [    1.771509] fpga-region soc:base_fpga_region: FPGA Region probed
Mar 18 10:07:04 asp-5c kernel[229]: [    1.781852] clocksource: Switched to clocksource arch_sys_counter
Mar 18 10:07:06 asp-5c sshd_check_keys[200]:   generating ssh RSA key...
Mar 18 10:07:04 asp-5c kernel[229]: [    1.901866] NET: Registered protocol family 2
Mar 18 10:07:04 asp-5c kernel[229]: [    1.906889] TCP established hash table entries: 16384 (order: 5, 131072 bytes)
Mar 18 10:07:04 asp-5c kernel[229]: [    1.914382] TCP bind hash table entries: 16384 (order: 6, 262144 bytes)
Mar 18 10:07:04 asp-5c kernel[229]: [    1.921433] TCP: Hash tables configured (established 16384 bind 16384)
Mar 18 10:07:04 asp-5c kernel[229]: [    1.928189] UDP hash table entries: 1024 (order: 3, 32768 bytes)
Mar 18 10:07:04 asp-5c kernel[229]: [    1.934344] UDP-Lite hash table entries: 1024 (order: 3, 32768 bytes)
Mar 18 10:07:04 asp-5c kernel[229]: [    1.941120] NET: Registered protocol family 1
Mar 18 10:07:04 asp-5c kernel[229]: [    1.953953] RPC: Registered named UNIX socket transport module.
Mar 18 10:07:04 asp-5c kernel[229]: [    1.959976] RPC: Registered udp transport module.
Mar 18 10:07:04 asp-5c kernel[229]: [    1.964760] RPC: Registered tcp transport module.
Mar 18 10:07:04 asp-5c kernel[229]: [    1.969553] RPC: Registered tcp NFSv4.1 backchannel transport module.
Mar 18 10:07:04 asp-5c kernel[229]: [    1.976114] PCI: CLS 0 bytes, default 128
Mar 18 10:07:04 asp-5c kernel[229]: [    1.976339] Trying to unpack rootfs image as initramfs...
Mar 18 10:07:04 asp-5c kernel[229]: [    6.196965] Freeing initrd memory: 57024K
Mar 18 10:07:04 asp-5c kernel[229]: [    6.202126] hw perfevents: enabled with armv8_pmuv3 PMU driver, 7 counters available
Mar 18 10:07:04 asp-5c kernel[229]: [    6.211608] workingset: timestamp_bits=46 max_order=19 bucket_order=0
Mar 18 10:07:04 asp-5c kernel[229]: [    6.235799] NFS: Registering the id_resolver key type
Mar 18 10:07:04 asp-5c kernel[229]: [    6.240957] Key type id_resolver registered
Mar 18 10:07:04 asp-5c kernel[229]: [    6.245185] Key type id_legacy registered
Mar 18 10:07:06 asp-5c systemd-networkd[350]: Enumeration completed
Mar 18 10:07:04 asp-5c kernel[229]: [    6.249309] jffs2: version 2.2. (NAND) © 2001-2006 Red Hat, Inc.
Mar 18 10:07:06 asp-5c systemd[1]: Started Network Service.
Mar 18 10:07:04 asp-5c kernel[229]: [    6.255908] yaffs: yaffs Installing.
Mar 18 10:07:06 asp-5c systemd[1]: Starting Wait for Network to be Configured...
Mar 18 10:07:04 asp-5c kernel[229]: [    6.260260] Block layer SCSI generic (bsg) driver version 0.4 loaded (major 246)
Mar 18 10:07:04 asp-5c kernel[229]: [    6.267808] io scheduler noop registered
Mar 18 10:07:04 asp-5c kernel[229]: [    6.271850] io scheduler deadline registered
Mar 18 10:07:04 asp-5c kernel[229]: [    6.276335] io scheduler cfq registered (default)
Mar 18 10:07:04 asp-5c kernel[229]: [    6.281156] io scheduler mq-deadline registered
Mar 18 10:07:04 asp-5c kernel[229]: [    6.285786] io scheduler kyber registered
Mar 18 10:07:04 asp-5c kernel[229]: [    6.294207] dma-pl330 ffda0000.pdma: Loaded driver for PL330 DMAC-341330
Mar 18 10:07:04 asp-5c kernel[229]: [    6.300945] dma-pl330 ffda0000.pdma: 	DBUFF-512x8bytes Num_Chans-8 Num_Peri-32 Num_Events-8
Mar 18 10:07:04 asp-5c kernel[229]: [    6.309914] Serial: 8250/16550 driver, 4 ports, IRQ sharing enabled
Mar 18 10:07:04 asp-5c kernel[229]: [    6.317728] console [ttyS0] disabled
Mar 18 10:07:04 asp-5c kernel[229]: [    6.321436] ffc02000.serial0: ttyS0 at MMIO 0xffc02000 (irq = 26, base_baud = 6250000) is a 16550A
Mar 18 10:07:04 asp-5c kernel[229]: [    6.330488] console [ttyS0] enabled
Mar 18 10:07:04 asp-5c kernel[229]: [    6.337512] bootconsole [uart0] disabled
Mar 18 10:07:04 asp-5c kernel[229]: [    6.346154] cacheinfo: Unable to detect cache hierarchy for CPU 0
Mar 18 10:07:04 asp-5c kernel[229]: [    6.426736] brd: module loaded
Mar 18 10:07:04 asp-5c kernel[229]: [    6.470421] loop: module loaded
Mar 18 10:07:04 asp-5c kernel[229]: [    6.474543] cadence-qspi ff8d2000.spi: n25q512a (65536 Kbytes)
Mar 18 10:07:04 asp-5c kernel[229]: [    6.488938] 2 ofpart partitions found on MTD device ff8d2000.spi.0
Mar 18 10:07:04 asp-5c kernel[229]: [    6.495150] Creating 2 MTD partitions on "ff8d2000.spi.0":
Mar 18 10:07:04 asp-5c kernel[229]: [    6.500646] 0x000000000000-0x000004000000 : "QSPI 64MB"
Mar 18 10:07:04 asp-5c kernel[229]: [    6.510937] 0x000000510000-0x000004000000 : "RSU firmware"
Mar 18 10:07:04 asp-5c kernel[229]: [    6.522147] libphy: Fixed MDIO Bus: probed
Mar 18 10:07:04 asp-5c kernel[229]: [    6.529934] socfpga-dwmac ff800000.ethernet: PTP uses main clock
Mar 18 10:07:04 asp-5c kernel[229]: [    6.536102] stmmac - user ID: 0x11, Synopsys ID: 0x37
Mar 18 10:07:07 asp-5c systemd[1]: Started DHCP client configurator service.
Mar 18 10:07:07 asp-5c dhcpc_configurator[351]: ## Error: "lmpipaddress" not defined
Mar 18 10:07:04 asp-5c kernel[229]: [    6.541187] socfpga-dwmac ff800000.ethernet: Ring mode enabled
Mar 18 10:07:07 asp-5c systemd[1]: Starting DHCP for HPS Ethernet interface...
Mar 18 10:07:04 asp-5c kernel[229]: [    6.547091] socfpga-dwmac ff800000.ethernet: DMA HW capability register supported
Mar 18 10:07:07 asp-5c udhcpc[376]: udhcpc (v1.24.1) started
Mar 18 10:07:04 asp-5c kernel[229]: [    6.554585] socfpga-dwmac ff800000.ethernet: Enhanced/Alternate descriptors
Mar 18 10:07:04 asp-5c kernel[229]: [    6.561538] socfpga-dwmac ff800000.ethernet: Enabled extended descriptors
Mar 18 10:07:04 asp-5c kernel[229]: [    6.568337] socfpga-dwmac ff800000.ethernet: RX Checksum Offload Engine supported
Mar 18 10:07:04 asp-5c kernel[229]: [    6.575826] socfpga-dwmac ff800000.ethernet: COE Type 2
Mar 18 10:07:04 asp-5c kernel[229]: [    6.581048] socfpga-dwmac ff800000.ethernet: TX Checksum insertion supported
Mar 18 10:07:04 asp-5c kernel[229]: [    6.588085] socfpga-dwmac ff800000.ethernet: Enable RX Mitigation via HW Watchdog Timer
Mar 18 10:07:04 asp-5c kernel[229]: [    6.597500] ehci_hcd: USB 2.0 'Enhanced' Host Controller (EHCI) Driver
Mar 18 10:07:04 asp-5c kernel[229]: [    6.604034] ehci-pci: EHCI PCI platform driver
Mar 18 10:07:04 asp-5c kernel[229]: [    6.608514] ehci-platform: EHCI generic platform driver
Mar 18 10:07:04 asp-5c kernel[229]: [    6.614114] usbcore: registered new interface driver usb-storage
Mar 18 10:07:04 asp-5c kernel[229]: [    6.621036] i2c /dev entries driver
Mar 18 10:07:04 asp-5c kernel[229]: [    6.625050] device-mapper: ioctl: 4.35.0-ioctl (2016-06-23) initialised: dm-devel@redhat.com
Mar 18 10:07:04 asp-5c kernel[229]: [    6.638730] EDAC MC: No ECC/ECC disabled [0x00000000]
Mar 18 10:07:04 asp-5c kernel[229]: [    6.644056] EDAC MC: regmap for altr,sdr-syscon lookup failed.
Mar 18 10:07:04 asp-5c kernel[229]: [    6.650130] sdhci: Secure Digital Host Controller Interface driver
Mar 18 10:07:04 asp-5c kernel[229]: [    6.656303] sdhci: Copyright(c) Pierre Ossman
Mar 18 10:07:04 asp-5c kernel[229]: [    6.660681] Synopsys Designware Multimedia Card Interface Driver
Mar 18 10:07:04 asp-5c kernel[229]: [    6.666807] sdhci-pltfm: SDHCI platform and OF driver helper
Mar 18 10:07:04 asp-5c kernel[229]: [    6.673018] usbcore: registered new interface driver usbhid
Mar 18 10:07:04 asp-5c kernel[229]: [    6.678585] usbhid: USB HID core driver
Mar 18 10:07:07 asp-5c systemd[1]: Listening on Load/Save RF Kill Switch Status /dev/rfkill Watch.
Mar 18 10:07:04 asp-5c kernel[229]: [    6.682613] fpga_manager fpga0: Stratix10 SOC FPGA Manager registered
Mar 18 10:07:04 asp-5c kernel[229]: [    6.689181] u32 classifier
Mar 18 10:07:04 asp-5c kernel[229]: [    6.691896]     Actions configured
Mar 18 10:07:04 asp-5c kernel[229]: [    6.695305] Netfilter messages via NETLINK v0.30.
Mar 18 10:07:04 asp-5c kernel[229]: [    6.700298] nf_conntrack version 0.5.0 (16384 buckets, 65536 max)
Mar 18 10:07:04 asp-5c kernel[229]: [    6.707210] NET: Registered protocol family 10
Mar 18 10:07:07 asp-5c kernel: socfpga-dwmac ff800000.ethernet etha01: Link is Up - 1Gbps/Full - flow control off
Mar 18 10:07:07 asp-5c systemd-networkd[350]: etha01: Gained carrier
Mar 18 10:07:04 asp-5c kernel[229]: [    6.716650] Segment Routing with IPv6
Mar 18 10:07:07 asp-5c systemd-networkd[350]: ethlmp0: Gained carrier
Mar 18 10:07:04 asp-5c kernel[229]: [    6.720385] sit: IPv6, IPv4 and MPLS over IPv4 tunneling driver
Mar 18 10:07:04 asp-5c kernel[229]: [    6.726852] NET: Registered protocol family 17
Mar 18 10:07:04 asp-5c kernel[229]: [    6.731343] bridge: filtering via arp/ip/ip6tables is no longer available by default. Update your scripts to load br_netfilter if you need this.
Mar 18 10:07:04 asp-5c kernel[229]: [    6.744312] 8021q: 802.1Q VLAN Support v1.8
Mar 18 10:07:04 asp-5c kernel[229]: [    6.748537] Key type dns_resolver registered
Mar 18 10:07:04 asp-5c kernel[229]: [    6.759607] Btrfs loaded, crc32c=crc32c-generic
Mar 18 10:07:04 asp-5c kernel[229]: [    6.770208] Key type encrypted registered
Mar 18 10:07:04 asp-5c kernel[229]: [    6.782772] m25p80 spi1.0: n25q128a11 (16384 Kbytes)
Mar 18 10:07:04 asp-5c kernel[229]: [    6.791036] 9 ofpart partitions found on MTD device spi1.0
Mar 18 10:07:04 asp-5c kernel[229]: [    6.796571] Creating 9 MTD partitions on "spi1.0":
Mar 18 10:07:04 asp-5c kernel[229]: [    6.801400] 0x000000000000-0x000000080000 : "crtm creds"
Mar 18 10:07:07 asp-5c udhcpc[376]: Sending discover...
Mar 18 10:07:04 asp-5c kernel[229]: [    6.811828] 0x000000080000-0x0000000f0000 : "board certificates"
Mar 18 10:07:04 asp-5c kernel[229]: [    6.822800] 0x0000000f0000-0x000000100000 : "board inventory"
Mar 18 10:07:04 asp-5c kernel[229]: [    6.833508] 0x000000100000-0x000000120000 : "boot environment 1"
Mar 18 10:07:04 asp-5c kernel[229]: [    6.844452] 0x000000120000-0x000000140000 : "boot environment 2"
Mar 18 10:07:04 asp-5c kernel[229]: [    6.855413] 0x000000140000-0x0000001a0000 : "module certificates 1"
Mar 18 10:07:04 asp-5c kernel[229]: [    6.866628] 0x0000001a0000-0x0000001f0000 : "module certificates 2"
Mar 18 10:07:04 asp-5c kernel[229]: [    6.877805] 0x0000001f0000-0x000000200000 : "module inventory"
Mar 18 10:07:04 asp-5c kernel[229]: [    6.888529] 0x000000200000-0x0000007f0000 : "spare"
Mar 18 10:07:04 asp-5c kernel[229]: [    6.898612] console [netcon0] enabled
Mar 18 10:07:04 asp-5c kernel[229]: [    6.902281] netconsole: network logging started
Mar 18 10:07:04 asp-5c kernel[229]: [    6.906832] hctosys: unable to open rtc device (rtc0)
Mar 18 10:07:04 asp-5c kernel[229]: [    6.911880] of_cfs_init
Mar 18 10:07:04 asp-5c kernel[229]: [    6.914416] of_cfs_init: OK
Mar 18 10:07:04 asp-5c kernel[229]: [    6.917390] 0.33V: disabling
Mar 18 10:07:04 asp-5c kernel[229]: [    6.920561] ttyS0 - failed to request DMA
Mar 18 10:07:04 asp-5c kernel[229]: [    6.927829] Freeing unused kernel memory: 960K
Mar 18 10:07:07 asp-5c udhcpc[376]: Sending select for 192.168.253.22...
Mar 18 10:07:04 asp-5c kernel[229]: [    6.968158] systemd[1]: systemd 234 running in system mode. (+PAM -AUDIT -SELINUX +IMA -APPARMOR +SMACK +SYSVINIT +UTMP -LIBCRYPTSETUP -GCRYPT -GNUTLS +ACL +XZ -LZ4 -SECCOMP +BLKID -ELFUTILS +KMOD -IDN2 -IDN default-hierarchy=hybrid)
Mar 18 10:07:04 asp-5c kernel[229]: [    6.989243] systemd[1]: Detected architecture arm64.
Mar 18 10:07:04 asp-5c kernel[229]: [    7.005985] systemd[1]: Set hostname to <stratix10-abil>.
Mar 18 10:07:04 asp-5c kernel[229]: [    7.011613] random: systemd: uninitialized urandom read (16 bytes read)
Mar 18 10:07:04 asp-5c kernel[229]: [    7.018273] systemd[1]: Initializing machine ID from random generator.
Mar 18 10:07:04 asp-5c kernel[229]: [    7.204503] random: systemd: uninitialized urandom read (16 bytes read)
Mar 18 10:07:04 asp-5c kernel[229]: [    7.211551] systemd[1]: Listening on Journal Socket (/dev/log).
Mar 18 10:07:04 asp-5c kernel[229]: [    7.230001] random: systemd: uninitialized urandom read (16 bytes read)
Mar 18 10:07:04 asp-5c kernel[229]: [    7.239231] systemd[1]: Created slice User and Session Slice.
Mar 18 10:07:04 asp-5c kernel[229]: [    7.257961] random: systemd: uninitialized urandom read (16 bytes read)
Mar 18 10:07:04 asp-5c kernel[229]: [    7.264772] systemd[1]: Listening on /dev/initctl Compatibility Named Pipe.
Mar 18 10:07:04 asp-5c kernel[229]: [    7.281943] random: systemd: uninitialized urandom read (16 bytes read)
Mar 18 10:07:04 asp-5c kernel[229]: [    7.288837] systemd[1]: Started Forward Password Requests to Wall Directory Watch.
Mar 18 10:07:04 asp-5c kernel[229]: [    7.309970] random: systemd: uninitialized urandom read (16 bytes read)
Mar 18 10:07:04 asp-5c kernel[229]: [    7.316708] systemd[1]: Listening on udev Kernel Socket.
Mar 18 10:07:04 asp-5c kernel[229]: [    7.333965] random: systemd: uninitialized urandom read (16 bytes read)
Mar 18 10:07:04 asp-5c kernel[229]: [    7.340755] systemd[1]: Listening on udev Control Socket.
Mar 18 10:07:04 asp-5c kernel[229]: [    7.357935] random: systemd: uninitialized urandom read (16 bytes read)
Mar 18 10:07:07 asp-5c udhcpc[376]: Lease of 192.168.253.22 obtained, lease time 86400
Mar 18 10:07:04 asp-5c kernel[229]: [    7.378132] random: systemd: uninitialized urandom read (16 bytes read)
Mar 18 10:07:04 asp-5c kernel[229]: [    7.397989] random: systemd: uninitialized urandom read (16 bytes read)
Mar 18 10:07:04 asp-5c kernel[229]: [    7.565562] openvswitch: Open vSwitch switching datapath
Mar 18 10:07:04 asp-5c kernel[229]: [    7.878467] systemd-journald[150]: Received request to flush runtime journal from PID 1
Mar 18 10:07:04 asp-5c kernel[229]: [   10.246462] random: fast init done
Mar 18 10:07:05 asp-5c dbus[209]: [system] Activating via systemd: service name='org.freedesktop.hostname1' unit='dbus-org.freedesktop.hostname1.service'
Mar 18 10:07:05 asp-5c kernel[229]: [   11.097304] socfpga-dwmac ff800000.ethernet etha01: renamed from eth0
Mar 18 10:07:05 asp-5c kernel[229]: [   11.409956] Generic PHY fixed-0:00: attached PHY driver [Generic PHY] (mii_bus:phy_addr=fixed-0:00, irq=-1)
Mar 18 10:07:05 asp-5c dbus[209]: [system] Successfully activated service 'org.freedesktop.hostname1'
Mar 18 10:07:05 asp-5c kernel[229]: [   11.492129] socfpga-dwmac ff800000.ethernet etha01: IEEE 1588-2008 Advanced Timestamp supported
Mar 18 10:07:05 asp-5c kernel[229]: [   11.580511] socfpga-dwmac ff800000.ethernet etha01: registered PTP clock
Mar 18 10:07:06 asp-5c kernel[229]: [   12.091625] Generic PHY fixed-0:00: attached PHY driver [Generic PHY] (mii_bus:phy_addr=fixed-0:00, irq=-1)
Mar 18 10:07:07 asp-5c udhcpc[376]: /etc/udhcpc.d/50default: line 83: /etc/resolv.conf: No such file or directory
Mar 18 10:07:06 asp-5c kernel[229]: [   12.176289] socfpga-dwmac ff800000.ethernet etha01: IEEE 1588-2008 Advanced Timestamp supported
Mar 18 10:07:06 asp-5c kernel[229]: [   12.254098] socfpga-dwmac ff800000.ethernet etha01: registered PTP clock
Mar 18 10:07:07 asp-5c udhcpc[376]: udhcpc (v1.24.1) started
Mar 18 10:07:07 asp-5c kernel[229]: [   13.309987] socfpga-dwmac ff800000.ethernet etha01: Link is Up - 1Gbps/Full - flow control off
Mar 18 10:07:07 asp-5c udhcpc[376]: Sending discover...
Mar 18 10:07:07 asp-5c udhcpc[376]: Sending select for 192.168.253.22...
Mar 18 10:07:07 asp-5c udhcpc[376]: Lease of 192.168.253.22 obtained, lease time 86400
Mar 18 10:07:07 asp-5c systemd[1]: etha01-dhcpc.service: New main PID 376 does not exist or is a zombie.
Mar 18 10:07:07 asp-5c systemd[1]: Started DHCP for HPS Ethernet interface.
Mar 18 10:07:08 asp-5c systemd-networkd-wait-online[368]: ignoring: lo
Mar 18 10:07:08 asp-5c systemd[1]: Started Wait for Network to be Configured.
Mar 18 10:07:08 asp-5c hw-detector[240]: Running hw-detector version: 2.7.0
Mar 18 10:07:08 asp-5c hw-detector[240]: Reading base model info from /sys/firmware/devicetree/base/model...
Mar 18 10:07:08 asp-5c hw-detector[240]: Read base model: SoCFPGA Stratix 10 ABIL
Mar 18 10:07:08 asp-5c hw-detector[240]: Detecting OS by sourcing /etc/os-release...
Mar 18 10:07:08 asp-5c hw-detector[240]: Read OS name: Wind River Linux LTS
Mar 18 10:07:08 asp-5c hw-detector[240]: Bootmode is: hps-first
Mar 18 10:07:08 asp-5c hw-detector[240]: Reading factory inventory from /proc/device-tree/board-identity...
Mar 18 10:07:08 asp-5c hw-detector[240]: Reading product code from /proc/device-tree/board-identity/product-code...
Mar 18 10:07:08 asp-5c hw-detector[240]: Read product code: 089140A.101
Mar 18 10:07:08 asp-5c hw-detector[240]: Reading hw-sw-id from /proc/device-tree/board-identity/hw-sw-id...
Mar 18 10:07:08 asp-5c hw-detector[240]: Read hw-sw-id: 0x00218301
Mar 18 10:07:08 asp-5c hw-detector[240]: Reading unit ID from /proc/device-tree/board-identity/unit-id...
Mar 18 10:07:08 asp-5c hw-detector[240]: Read unit ID: ASPA
Mar 18 10:07:08 asp-5c hw-detector[240]: Checking board certificates from /etc/keys.d/bcerts...
Mar 18 10:07:08 asp-5c hw-detector[240]: Checking CRTM credentials from /etc/keys.d/board...
Mar 18 10:07:08 asp-5c hw-detector[240]: Reading RSU state, using command `qspi_rsu_detect`...
Mar 18 10:07:08 asp-5c hw-detector[240]: RSU is enabled
Mar 18 10:07:08 asp-5c hw-detector[240]: Reading FW versions, using command `qspi_fw_version`...
Mar 18 10:07:08 asp-5c hw-detector[240]: Detected version: loner_4_4_0_022_hps_only_Q18_0_1_p126;u-boot-socfpga-nokia-2017.09+gitAUTOINC+b8530acec2-r103
Mar 18 10:07:08 asp-5c hw-detector[240]: Set MOUNT_VAR_LOG_PATH to: /var/log/loner
Mar 18 10:07:08 asp-5c hw-detector[240]: Wrote to env file: BOARD="abil"
Mar 18 10:07:08 asp-5c hw-detector[240]: Wrote to env file: OS="Wind River Linux LTS"
Mar 18 10:07:08 asp-5c hw-detector[240]: Wrote to env file: BOOTMODE="hps-first"
Mar 18 10:07:08 asp-5c hw-detector[240]: Wrote to env file: PRODUCT_CODE="089140A"
Mar 18 10:07:08 asp-5c hw-detector[240]: Wrote to env file: PRODUCT_REV="101"
Mar 18 10:07:08 asp-5c hw-detector[240]: Wrote to env file: HW_SW_ID="0x00218301"
Mar 18 10:07:08 asp-5c hw-detector[240]: Wrote to env file: UNIT_TYPE="002"
Mar 18 10:07:08 asp-5c hw-detector[240]: Wrote to env file: UNIT_VERSION="18"
Mar 18 10:07:08 asp-5c hw-detector[240]: Wrote to env file: MAJOR_FEATURE="3"
Mar 18 10:07:08 asp-5c hw-detector[240]: Wrote to env file: MINOR_FEATURE="01"
Mar 18 10:07:08 asp-5c hw-detector[240]: Wrote to env file: UNIT_ID="ASPA"
Mar 18 10:07:08 asp-5c hw-detector[240]: Wrote to env file: RSU="1"
Mar 18 10:07:08 asp-5c hw-detector[240]: Wrote to env file: QSPI_FW_VERSION="loner_4_4_0_022_hps_only_Q18_0_1_p126;u-boot-socfpga-nokia-2017.09+gitAUTOINC+b8530acec2-r103"
Mar 18 10:07:08 asp-5c hw-detector[240]: Wrote to env file: BOARD_TYPE="fsp"
Mar 18 10:07:08 asp-5c hw-detector[240]: Wrote to env file: MOUNT_VAR_LOG_PATH="/var/log/loner"
Mar 18 10:07:08 asp-5c hw-detector[240]: Wrote json file: /usr/share/hw-detector.json
Mar 18 10:07:09 asp-5c systemd[1]: Started uSAS HW detector.
Mar 18 10:07:09 asp-5c log_collectord[228]: log collector daemon: Provider registered, id: coco_204_ffffa66d01f0 |LogCollectorDaemon.cpp:114
Mar 18 10:07:09 asp-5c systemd[1]: Started Generate dynamic /etc/hosts file.
Mar 18 10:07:09 asp-5c systemd[1]: Reached target Network.
Mar 18 10:07:09 asp-5c systemd[1]: Starting Network Name Resolution...
Mar 18 10:07:09 asp-5c systemd[1]: Starting Berkeley Internet Name Domain (DNS)...
Mar 18 10:07:09 asp-5c systemd[1]: Starting /etc/rc.local Compatibility...
Mar 18 10:07:10 asp-5c systemd[1]: Starting Permit User Sessions...
Mar 18 10:07:10 asp-5c systemd[1]: Started /etc/rc.local Compatibility.
Mar 18 10:07:10 asp-5c systemd[1]: Started Permit User Sessions.
Mar 18 10:07:10 asp-5c systemd[1]: Started Serial Getty on ttyS0.
Mar 18 10:07:10 asp-5c systemd[1]: Started Getty on tty1.
Mar 18 10:07:10 asp-5c systemd[1]: Reached target Login Prompts.
Mar 18 10:07:10 asp-5c generate-rndc-key.sh[544]: Generating /etc/bind/rndc.key:wrote key file "/etc/bind/rndc.key"
Mar 18 10:07:10 asp-5c systemd-resolved[543]: Positive Trust Anchors:
Mar 18 10:07:10 asp-5c systemd-resolved[543]: . IN DS 19036 8 2 49aac11d7b6f6446702e54a1607371607a1a41855200fd2ce1cdde32f24e8fb5
Mar 18 10:07:10 asp-5c systemd-resolved[543]: . IN DS 20326 8 2 e06d44b80b8f1d39a95c0b0d7c65d08458e880409bbc683457104237c7f8ec8d
Mar 18 10:07:10 asp-5c systemd-resolved[543]: Negative trust anchors: 10.in-addr.arpa 16.172.in-addr.arpa 17.172.in-addr.arpa 18.172.in-addr.arpa 19.172.in-addr.arpa 20.172.in-addr.arpa 21.172.in-addr.arpa 22.172.in-addr.arpa 23.172.in-addr.arpa 24.172.in-addr.arpa 25.172.in-addr.arpa 26.172.in-addr.arpa 27.172.in-addr.arpa 28.172.in-addr.arpa 29.172.in-addr.arpa 30.172.in-addr.arpa 31.172.in-addr.arpa 168.192.in-addr.arpa d.f.ip6.arpa corp home internal intranet lan local private test
Mar 18 10:07:10 asp-5c systemd-resolved[543]: Using system hostname 'asp-5c'.
Mar 18 10:07:10 asp-5c systemd[1]: Started Network Name Resolution.
Mar 18 10:07:10 asp-5c named[553]: starting BIND 9.10.5-P3 <id:7d5676f> -u bind
Mar 18 10:07:10 asp-5c systemd[1]: Reached target Network is Online.
Mar 18 10:07:10 asp-5c named[553]: running on Linux aarch64 4.12.29-nokia-r47 #1 SMP PREEMPT Wed Mar 27 10:14:05 UTC 2019
Mar 18 10:07:10 asp-5c named[553]: built with '--build=x86_64-linux' '--host=aarch64-wrs-linux' '--target=aarch64-wrs-linux' '--prefix=/usr' '--exec_prefix=/usr' '--bindir=/usr/bin' '--sbindir=/usr/sbin' '--libexecdir=/usr/libexec' '--datadir=/usr/share' '--sysconfdir=/etc' '--sharedstatedir=/com' '--localstatedir=/var' '--libdir=/usr/lib64' '--includedir=/usr/include' '--oldincludedir=/usr/include' '--infodir=/usr/share/info' '--mandir=/usr/share/man' '--disable-silent-rules' '--disable-dependency-tracking' '--with-libtool-sysroot=/ephemeral/workspace/UPCD/update-bitbake-cache/build/tmp-glibc/work/aarch64-wrs-linux/bind/9.10.5-P3-r0/recipe-sysroot' '--enable-ipv6=yes' '--with-libtool' '--enable-threads' '--disable-devpoll' '--enable-epoll' '--with-gost=no' '--with-gssapi=no' '--sysconfdir=/etc/bind' '--with-openssl=/ephemeral/workspace/UPCD/update-bitbake-cache/build/tmp-glibc/work/aarch64-wrs-linux/bind/9.10.5-P3-r0/recipe-sysroot/usr/lib64/..' '--without-libxml2' '--with-readline=-lreadline' '--with-randomdev=/dev/random' '--with-ecdsa=yes' 'build_alias=x86_64-linux' 'host_alias=aarch64-wrs-linux' 'target_alias=aarch64-wrs-linux' 'CC=aarch64-wrs-linux-gcc --sysroot=/ephemeral/workspace/UPCD/update-bitbake-cache/build/tmp-glibc/work/aarch64-wrs-linux/bind/9.10.5-P3-r0/recipe-sysroot' 'CFLAGS= -O2 -pipe -g -feliminate-unused-debug-types -fdebug-prefix-map=/ephemeral/workspace/UPCD/update-bitbake-cache/build/tmp-glibc/work/aarch64-wrs-linux/bind/9.10.5-P3-r0=/usr/src/debug/bind/9.10.5-P3-r0 -fdebug-prefix-map=/ephemeral/workspace/UPCD/update-bitbake-cache/build/tmp-glibc/work/aarch64-wrs-linux/bind/9.10.5-P3-r0/recipe-sysroot-native= -fdebug-prefix-map=/ephemeral/workspace/UPCD/update-bitbake-cache/build/tmp-glibc/work/aarch64-wrs-linux/bind/9.10.5-P3-r0/recipe-sysroot= ' 'LDFLAGS=-Wl,-O1 -Wl,--hash-style=gnu -Wl,--as-needed' 'CPPFLAGS=' 'CPP=aarch64-wrs-linux-gcc -E --sysroot=/ephemeral/workspace/UPCD/update-bitbake-cache/build/tmp-glibc/work/aarch64-wrs-linux/bind/9.10.5-P3-r0/recipe-sysroot '
Mar 18 10:07:10 asp-5c systemd[1]: Starting uSAS configurator...
Mar 18 10:07:10 asp-5c systemd[1]: Starting uSAS Backtrace logger...
Mar 18 10:07:10 asp-5c systemd[1]: Mounting NFS mount for /ffs/run...
Mar 18 10:07:10 asp-5c named[553]: ----------------------------------------------------
Mar 18 10:07:10 asp-5c systemd[1]: Mounting NFS mount for var-log-folder...
Mar 18 10:07:10 asp-5c named[553]: BIND 9 is maintained by Internet Systems Consortium,
Mar 18 10:07:10 asp-5c systemd[1]: Started uSAS Backtrace logger.
Mar 18 10:07:10 asp-5c named[553]: Inc. (ISC), a non-profit 501(c)(3) public-benefit
Mar 18 10:07:10 asp-5c named[553]: corporation.  Support and training for BIND 9 are
Mar 18 10:07:10 asp-5c named[553]: available at https://www.isc.org/support
Mar 18 10:07:10 asp-5c named[553]: ----------------------------------------------------
Mar 18 10:07:10 asp-5c named[553]: adjusted limit on open files from 4096 to 1048576
Mar 18 10:07:10 asp-5c named[553]: found 4 CPUs, using 4 worker threads
Mar 18 10:07:10 asp-5c named[553]: using 3 UDP listeners per interface
Mar 18 10:07:10 asp-5c named[553]: using up to 4096 sockets
Mar 18 10:07:10 asp-5c named[553]: loading configuration from '/etc/bind/named.conf'
Mar 18 10:07:10 asp-5c named[553]: reading built-in trusted keys from file '/etc/bind/bind.keys'
Mar 18 10:07:10 asp-5c named[553]: using default UDP/IPv4 port range: [32768, 60999]
Mar 18 10:07:10 asp-5c named[553]: using default UDP/IPv6 port range: [32768, 60999]
Mar 18 10:07:10 asp-5c named[553]: listening on IPv6 interfaces, port 53
Mar 18 10:07:10 asp-5c named[553]: listening on IPv4 interface lo, 127.0.0.1#53
Mar 18 10:07:10 asp-5c named[553]: listening on IPv4 interface etha01, 192.168.253.22#53
Mar 18 10:07:10 asp-5c named[553]: generating session key for dynamic DNS
Mar 18 10:07:10 asp-5c named[553]: sizing zone task pool based on 5 zones
Mar 18 10:07:10 asp-5c named[553]: set up managed keys zone for view _default, file 'managed-keys.bind'
Mar 18 10:07:10 asp-5c named[553]: automatic empty zone: 10.IN-ADDR.ARPA
Mar 18 10:07:10 asp-5c named[553]: automatic empty zone: 16.172.IN-ADDR.ARPA
Mar 18 10:07:10 asp-5c named[553]: automatic empty zone: 17.172.IN-ADDR.ARPA
Mar 18 10:07:10 asp-5c named[553]: automatic empty zone: 18.172.IN-ADDR.ARPA
Mar 18 10:07:10 asp-5c named[553]: automatic empty zone: 19.172.IN-ADDR.ARPA
Mar 18 10:07:10 asp-5c named[553]: automatic empty zone: 20.172.IN-ADDR.ARPA
Mar 18 10:07:10 asp-5c named[553]: automatic empty zone: 21.172.IN-ADDR.ARPA
Mar 18 10:07:10 asp-5c named[553]: automatic empty zone: 22.172.IN-ADDR.ARPA
Mar 18 10:07:10 asp-5c named[553]: automatic empty zone: 23.172.IN-ADDR.ARPA
Mar 18 10:07:10 asp-5c named[553]: automatic empty zone: 24.172.IN-ADDR.ARPA
Mar 18 10:07:10 asp-5c named[553]: automatic empty zone: 25.172.IN-ADDR.ARPA
Mar 18 10:07:10 asp-5c named[553]: automatic empty zone: 26.172.IN-ADDR.ARPA
Mar 18 10:07:10 asp-5c named[553]: automatic empty zone: 27.172.IN-ADDR.ARPA
Mar 18 10:07:10 asp-5c named[553]: automatic empty zone: 28.172.IN-ADDR.ARPA
Mar 18 10:07:10 asp-5c named[553]: automatic empty zone: 29.172.IN-ADDR.ARPA
Mar 18 10:07:10 asp-5c named[553]: automatic empty zone: 30.172.IN-ADDR.ARPA
Mar 18 10:07:10 asp-5c named[553]: automatic empty zone: 31.172.IN-ADDR.ARPA
Mar 18 10:07:10 asp-5c named[553]: automatic empty zone: 168.192.IN-ADDR.ARPA
Mar 18 10:07:10 asp-5c named[553]: automatic empty zone: 64.100.IN-ADDR.ARPA
Mar 18 10:07:10 asp-5c named[553]: automatic empty zone: 65.100.IN-ADDR.ARPA
Mar 18 10:07:10 asp-5c named[553]: automatic empty zone: 66.100.IN-ADDR.ARPA
Mar 18 10:07:10 asp-5c named[553]: automatic empty zone: 67.100.IN-ADDR.ARPA
Mar 18 10:07:10 asp-5c named[553]: automatic empty zone: 68.100.IN-ADDR.ARPA
Mar 18 10:07:10 asp-5c named[553]: automatic empty zone: 69.100.IN-ADDR.ARPA
Mar 18 10:07:10 asp-5c named[553]: automatic empty zone: 70.100.IN-ADDR.ARPA
Mar 18 10:07:10 asp-5c named[553]: automatic empty zone: 71.100.IN-ADDR.ARPA
Mar 18 10:07:10 asp-5c named[553]: automatic empty zone: 72.100.IN-ADDR.ARPA
Mar 18 10:07:10 asp-5c named[553]: automatic empty zone: 73.100.IN-ADDR.ARPA
Mar 18 10:07:10 asp-5c named[553]: automatic empty zone: 74.100.IN-ADDR.ARPA
Mar 18 10:07:10 asp-5c named[553]: automatic empty zone: 75.100.IN-ADDR.ARPA
Mar 18 10:07:10 asp-5c named[553]: automatic empty zone: 76.100.IN-ADDR.ARPA
Mar 18 10:07:10 asp-5c named[553]: automatic empty zone: 77.100.IN-ADDR.ARPA
Mar 18 10:07:10 asp-5c named[553]: automatic empty zone: 78.100.IN-ADDR.ARPA
Mar 18 10:07:10 asp-5c named[553]: automatic empty zone: 79.100.IN-ADDR.ARPA
Mar 18 10:07:10 asp-5c named[553]: automatic empty zone: 80.100.IN-ADDR.ARPA
Mar 18 10:07:10 asp-5c named[553]: automatic empty zone: 81.100.IN-ADDR.ARPA
Mar 18 10:07:10 asp-5c named[553]: automatic empty zone: 82.100.IN-ADDR.ARPA
Mar 18 10:07:10 asp-5c named[553]: automatic empty zone: 83.100.IN-ADDR.ARPA
Mar 18 10:07:10 asp-5c named[553]: automatic empty zone: 84.100.IN-ADDR.ARPA
Mar 18 10:07:10 asp-5c named[553]: automatic empty zone: 85.100.IN-ADDR.ARPA
Mar 18 10:07:10 asp-5c named[553]: automatic empty zone: 86.100.IN-ADDR.ARPA
Mar 18 10:07:10 asp-5c named[553]: automatic empty zone: 87.100.IN-ADDR.ARPA
Mar 18 10:07:10 asp-5c named[553]: automatic empty zone: 88.100.IN-ADDR.ARPA
Mar 18 10:07:10 asp-5c named[553]: automatic empty zone: 89.100.IN-ADDR.ARPA
Mar 18 10:07:10 asp-5c named[553]: automatic empty zone: 90.100.IN-ADDR.ARPA
Mar 18 10:07:10 asp-5c named[553]: automatic empty zone: 91.100.IN-ADDR.ARPA
Mar 18 10:07:10 asp-5c named[553]: automatic empty zone: 92.100.IN-ADDR.ARPA
Mar 18 10:07:10 asp-5c named[553]: automatic empty zone: 93.100.IN-ADDR.ARPA
Mar 18 10:07:10 asp-5c named[553]: automatic empty zone: 94.100.IN-ADDR.ARPA
Mar 18 10:07:10 asp-5c named[553]: automatic empty zone: 95.100.IN-ADDR.ARPA
Mar 18 10:07:10 asp-5c named[553]: automatic empty zone: 96.100.IN-ADDR.ARPA
Mar 18 10:07:10 asp-5c named[553]: automatic empty zone: 97.100.IN-ADDR.ARPA
Mar 18 10:07:10 asp-5c named[553]: automatic empty zone: 98.100.IN-ADDR.ARPA
Mar 18 10:07:10 asp-5c named[553]: automatic empty zone: 99.100.IN-ADDR.ARPA
Mar 18 10:07:10 asp-5c named[553]: automatic empty zone: 100.100.IN-ADDR.ARPA
Mar 18 10:07:10 asp-5c named[553]: automatic empty zone: 101.100.IN-ADDR.ARPA
Mar 18 10:07:10 asp-5c named[553]: automatic empty zone: 102.100.IN-ADDR.ARPA
Mar 18 10:07:10 asp-5c named[553]: automatic empty zone: 103.100.IN-ADDR.ARPA
Mar 18 10:07:10 asp-5c named[553]: automatic empty zone: 104.100.IN-ADDR.ARPA
Mar 18 10:07:10 asp-5c named[553]: automatic empty zone: 105.100.IN-ADDR.ARPA
Mar 18 10:07:10 asp-5c named[553]: automatic empty zone: 106.100.IN-ADDR.ARPA
Mar 18 10:07:10 asp-5c named[553]: automatic empty zone: 107.100.IN-ADDR.ARPA
Mar 18 10:07:10 asp-5c named[553]: automatic empty zone: 108.100.IN-ADDR.ARPA
Mar 18 10:07:10 asp-5c named[553]: automatic empty zone: 109.100.IN-ADDR.ARPA
Mar 18 10:07:10 asp-5c named[553]: automatic empty zone: 110.100.IN-ADDR.ARPA
Mar 18 10:07:10 asp-5c named[553]: automatic empty zone: 111.100.IN-ADDR.ARPA
Mar 18 10:07:10 asp-5c named[553]: automatic empty zone: 112.100.IN-ADDR.ARPA
Mar 18 10:07:10 asp-5c named[553]: automatic empty zone: 113.100.IN-ADDR.ARPA
Mar 18 10:07:10 asp-5c named[553]: automatic empty zone: 114.100.IN-ADDR.ARPA
Mar 18 10:07:10 asp-5c named[553]: automatic empty zone: 115.100.IN-ADDR.ARPA
Mar 18 10:07:10 asp-5c named[553]: automatic empty zone: 116.100.IN-ADDR.ARPA
Mar 18 10:07:10 asp-5c named[553]: automatic empty zone: 117.100.IN-ADDR.ARPA
Mar 18 10:07:10 asp-5c named[553]: automatic empty zone: 118.100.IN-ADDR.ARPA
Mar 18 10:07:10 asp-5c named[553]: automatic empty zone: 119.100.IN-ADDR.ARPA
Mar 18 10:07:10 asp-5c named[553]: automatic empty zone: 120.100.IN-ADDR.ARPA
Mar 18 10:07:10 asp-5c named[553]: automatic empty zone: 121.100.IN-ADDR.ARPA
Mar 18 10:07:10 asp-5c named[553]: automatic empty zone: 122.100.IN-ADDR.ARPA
Mar 18 10:07:10 asp-5c named[553]: automatic empty zone: 123.100.IN-ADDR.ARPA
Mar 18 10:07:10 asp-5c named[553]: automatic empty zone: 124.100.IN-ADDR.ARPA
Mar 18 10:07:10 asp-5c named[553]: automatic empty zone: 125.100.IN-ADDR.ARPA
Mar 18 10:07:10 asp-5c named[553]: automatic empty zone: 126.100.IN-ADDR.ARPA
Mar 18 10:07:10 asp-5c named[553]: automatic empty zone: 127.100.IN-ADDR.ARPA
Mar 18 10:07:10 asp-5c named[553]: automatic empty zone: 254.169.IN-ADDR.ARPA
Mar 18 10:07:10 asp-5c named[553]: automatic empty zone: 2.0.192.IN-ADDR.ARPA
Mar 18 10:07:10 asp-5c named[553]: automatic empty zone: 100.51.198.IN-ADDR.ARPA
Mar 18 10:07:10 asp-5c named[553]: automatic empty zone: 113.0.203.IN-ADDR.ARPA
Mar 18 10:07:10 asp-5c named[553]: automatic empty zone: 255.255.255.255.IN-ADDR.ARPA
Mar 18 10:07:10 asp-5c named[553]: automatic empty zone: 0.0.0.0.0.0.0.0.0.0.0.0.0.0.0.0.0.0.0.0.0.0.0.0.0.0.0.0.0.0.0.0.IP6.ARPA
Mar 18 10:07:10 asp-5c named[553]: automatic empty zone: 1.0.0.0.0.0.0.0.0.0.0.0.0.0.0.0.0.0.0.0.0.0.0.0.0.0.0.0.0.0.0.0.IP6.ARPA
Mar 18 10:07:10 asp-5c named[553]: automatic empty zone: D.F.IP6.ARPA
Mar 18 10:07:10 asp-5c named[553]: automatic empty zone: 8.E.F.IP6.ARPA
Mar 18 10:07:10 asp-5c named[553]: automatic empty zone: 9.E.F.IP6.ARPA
Mar 18 10:07:10 asp-5c named[553]: automatic empty zone: A.E.F.IP6.ARPA
Mar 18 10:07:10 asp-5c named[553]: automatic empty zone: B.E.F.IP6.ARPA
Mar 18 10:07:10 asp-5c named[553]: automatic empty zone: 8.B.D.0.1.0.0.2.IP6.ARPA
Mar 18 10:07:10 asp-5c named[553]: automatic empty zone: EMPTY.AS112.ARPA
Mar 18 10:07:10 asp-5c named[553]: command channel listening on 127.0.0.1#953
Mar 18 10:07:10 asp-5c named[553]: managed-keys-zone: loaded serial 0
Mar 18 10:07:10 asp-5c named[553]: zone 0.in-addr.arpa/IN: loaded serial 1
Mar 18 10:07:11 asp-5c named[553]: zone 255.in-addr.arpa/IN: loaded serial 1
Mar 18 10:07:11 asp-5c named[553]: zone localhost/IN: loaded serial 1
Mar 18 10:07:11 asp-5c named[553]: zone 127.in-addr.arpa/IN: loaded serial 1
Mar 18 10:07:11 asp-5c named[553]: all zones loaded
Mar 18 10:07:11 asp-5c systemd[1]: Started Berkeley Internet Name Domain (DNS).
Mar 18 10:07:11 asp-5c named[553]: running
Mar 18 10:07:11 asp-5c systemd[1]: Reached target Host and Network Name Lookups.
Mar 18 10:07:11 asp-5c systemd[1]: Started NFS status monitor for NFSv2/3 locking..
Mar 18 10:07:11 asp-5c rpc.statd[572]: Version 2.1.1 starting
Mar 18 10:07:11 asp-5c rpc.statd[572]: Flags: No-Daemon TI-RPC
Mar 18 10:07:11 asp-5c rpc.statd[572]: sm-notify: Version 2.1.1 starting
Mar 18 10:07:11 asp-5c rpc.statd[572]: sm-notify: No hosts to notify; exiting
Mar 18 10:07:11 asp-5c rpc.statd[572]: Failed to read /var/lib/nfs/statd/state: Success
Mar 18 10:07:11 asp-5c systemd[1]: Mounted NFS mount for /ffs/run.
Mar 18 10:07:11 asp-5c rpc.statd[572]: Initializing NSM state
Mar 18 10:07:11 asp-5c systemd[1]: ffs-run-config.mount: Directory /ffs/run/config to mount over is not empty, mounting anyway.
Mar 18 10:07:11 asp-5c systemd[1]: Mounting NFS mount for /ffs/run/config...
Mar 18 10:07:11 asp-5c systemd[1]: ffs-run-logs.mount: Directory /ffs/run/logs to mount over is not empty, mounting anyway.
Mar 18 10:07:11 asp-5c systemd[1]: Mounting NFS mount for /ffs/run/logs...
Mar 18 10:07:11 asp-5c systemd[1]: Mounting NFS mount for /ffs/run/devicecfg...
Mar 18 10:07:11 asp-5c systemd[1]: Mounted NFS mount for var-log-folder.
Mar 18 10:07:11 asp-5c systemd[1]: Mounted NFS mount for /ffs/run/config.
Mar 18 10:07:11 asp-5c systemd[1]: Mounted NFS mount for /ffs/run/devicecfg.
Mar 18 10:07:11 asp-5c systemd[1]: Starting uSAS bootstrap script...
Mar 18 10:07:11 asp-5c systemd[1]: Started uSAS bootstrap script.
Mar 18 10:07:11 asp-5c systemd[1]: Starting uSAS HW compatibility...
Mar 18 10:07:11 asp-5c systemd[1]: Starting uSAS trace daemon...
Mar 18 10:07:11 asp-5c traced[589]: trace_server: trace_server_modules_load: Loaded module /usr/libexec/trace/libtrace_file.so
Mar 18 10:07:11 asp-5c traced[589]: trace_server: trace_server_modules_load: Loaded module /usr/libexec/trace/libl1_trace.so
Mar 18 10:07:11 asp-5c traced[589]: trace_server: trace_server_modules_load: Loaded 2 module(s)
Mar 18 10:07:11 asp-5c traced[589]: trace_server: trace_config_get_str: Failed to read string bcn_lib_path in l1_trace_output set from trace config with error: Key file does not have key “bcn_lib_path” in group “l1_trace_output”
Mar 18 10:07:11 asp-5c traced[589]: trace_server: trace_server_modules_init: Initialized 2 module(s)
Mar 18 10:07:11 asp-5c systemd[1]: Started uSAS trace daemon.
Mar 18 10:07:11 asp-5c traced[589]: trace_server: trace_server_main: Starting trace server
Mar 18 10:07:11 asp-5c systemd[1]: Started uSAS HW compatibility.
Mar 18 10:07:11 asp-5c systemd[1]: Starting uSAS Certificate Initializer Service...
Mar 18 10:07:11 asp-5c systemd[1]: Mounted NFS mount for /ffs/run/logs.
Mar 18 10:07:11 asp-5c certificate-initializer[593]: removed '/etc/ssl/certs/ca-certificates.crt'
Mar 18 10:07:11 asp-5c systemd[1]: Starting uSAS log-synchronizer service...
Mar 18 10:07:13 asp-5c systemd[1]: Started uSAS configurator.
Mar 18 10:07:13 asp-5c systemd[1]: Starting uSAS System Communication Daemon...
Mar 18 10:07:13 asp-5c syscomd[696]: syscom_daemon: trace_config_open: Trace configuration has no group syscom_trace_input_plugin
Mar 18 10:07:13 asp-5c syscomd[696]: syscom_daemon: syscom_tip_init: Failed to open trace config in syscom_tip
Mar 18 10:07:13 asp-5c syscomd[696]: syscom_daemon: main: Failed to init syscom_tip
Mar 18 10:07:13 asp-5c syscomd[696]: syscom_daemon: syscom_daemon_startup_config_read: Node identifier 125d
Mar 18 10:07:13 asp-5c syscomd[696]: syscom_daemon: syscom_daemon_startup_config_read: IP version 4
Mar 18 10:07:13 asp-5c syscomd[696]: syscom_daemon: add_routing: Added rule 10110000/16 to route (fsp-1-5c:29211 -> fct-1-4a:29211)
Mar 18 10:07:13 asp-5c syscomd[696]: syscom_daemon: add_routing: Added rule 101A0000/16 to route (fsp-1-5c:29211 -> fct-1-4a:29211)
Mar 18 10:07:13 asp-5c syscomd[696]: syscom_drain_echo: start_drain_echo: Starting drain and echo service thread
Mar 18 10:07:13 asp-5c syscomd[696]: syscom_daemon: add_routing: Added rule 10210000/16 to route (fsp-1-5c:29211 -> fct-1-4b:29211)
Mar 18 10:07:13 asp-5c syscomd[696]: syscom_daemon: add_routing: Added rule 102A0000/16 to route (fsp-1-5c:29211 -> fct-1-4b:29211)
Mar 18 10:07:13 asp-5c syscomd[696]: syscom_daemon: add_routing: Added rule 123D0000/16 to route (fsp-1-5c:29211 -> fsp-1-5a:29211)
Mar 18 10:07:13 asp-5c syscomd[696]: syscom_daemon: add_routing: Added rule 123A0000/16 to route (fsp-1-5c:29211 -> fsp-1-5a:29211)
Mar 18 10:07:13 asp-5c syscomd[696]: syscom_daemon: add_routing: Added rule 124D0000/16 to route (fsp-1-5c:29211 -> fsp-1-5b:29211)
Mar 18 10:07:13 asp-5c syscomd[696]: syscom_daemon: add_routing: Added rule 124A0000/16 to route (fsp-1-5c:29211 -> fsp-1-5b:29211)
Mar 18 10:07:13 asp-5c syscomd[696]: syscom_daemon: add_routing: Added rule 20000000/4 to route (fsp-1-5c:29211 -> fct-1-4a:29211)
Mar 18 10:07:13 asp-5c syscomd[696]: syscom_daemon: add_routing: Added rule 13000000/8 to route (fsp-1-5c:29211 -> fct-1-4a:29211)
Mar 18 10:07:13 asp-5c syscomd[696]: syscom_daemon: add_routing: Added rule 14000000/8 to route (fsp-1-5c:29211 -> fct-1-4a:29211)
Mar 18 10:07:13 asp-5c kernel: sctp: Hash tables configured (bind 256/256)
Mar 18 10:07:13 asp-5c syscomd[696]: syscom_daemon: add_routing: Added rule E0000000/8 to route (fsp-1-5c:29211 -> fct-1-4a:29211)
Mar 18 10:07:13 asp-5c kernel[229]: [   19.743255] sctp: Hash tables configured (bind 256/256)
Mar 18 10:07:13 asp-5c systemd[1]: Started uSAS System Communication Daemon.
Mar 18 10:07:13 asp-5c systemd[1]: Started uSAS trbl service.
Mar 18 10:07:13 asp-5c systemd[1]: Started uSAS ip-management service for eCPRI.
Mar 18 10:07:13 asp-5c systemd[1]: Started uSAS sicftp server service.
Mar 18 10:07:13 asp-5c sicftpd[716]: sicftpd: sicftp daemon started with sicad: 0x125D0614
Mar 18 10:07:13 asp-5c systemd[1]: Starting uSAS alarm service...
Mar 18 10:07:13 asp-5c ip_mgmtd[715]: ip_mgmt: ip_mgmt daemon started with sicad: 0x125D04B1
Mar 18 10:07:14 asp-5c ip_mgmtd[715]: ip_mgmt: CPRI type is CPRI
Mar 18 10:07:14 asp-5c ip_mgmtd[715]: ip_mgmt: cpri9 configured to interface 'arb0p1'
Mar 18 10:07:14 asp-5c ip_mgmtd[715]: ip_mgmt: ip-mgmt service configuration:
Mar 18 10:07:14 asp-5c ip_mgmtd[715]: ip_mgmt: eCPRILink_0 (EInetPort:19; EInetInterface:9) <--> rlan0
Mar 18 10:07:14 asp-5c ip_mgmtd[715]: ip_mgmt: eCPRILink_1 (EInetPort:20; EInetInterface:10) <--> rlan0
Mar 18 10:07:14 asp-5c ip_mgmtd[715]: ip_mgmt: eCPRILink_2 (EInetPort:21; EInetInterface:11) <--> rlan0
Mar 18 10:07:14 asp-5c ip_mgmtd[715]: ip_mgmt: eCPRILink_3 (EInetPort:22; EInetInterface:12) <--> rlan0
Mar 18 10:07:14 asp-5c ip_mgmtd[715]: ip_mgmt: eCPRILink_4 (EInetPort:23; EInetInterface:13) <--> rlan0
Mar 18 10:07:14 asp-5c ip_mgmtd[715]: ip_mgmt: eCPRILink_5 (EInetPort:24; EInetInterface:14) <--> rlan0
Mar 18 10:07:14 asp-5c ip_mgmtd[715]: ip_mgmt: eCPRILink_6 (EInetPort:25; EInetInterface:15) <--> rlan0
Mar 18 10:07:14 asp-5c ip_mgmtd[715]: ip_mgmt: eCPRILink_7 (EInetPort:26; EInetInterface:16) <--> rlan0
Mar 18 10:07:14 asp-5c ip_mgmtd[715]: ip_mgmt: eCPRILink_8 (EInetPort:27; EInetInterface:17) <--> arb0p1
Mar 18 10:07:14 asp-5c ip_mgmtd[715]: ip_mgmt: eCPRILink_9 (EInetPort:28; EInetInterface:18) <--> arb0p1
Mar 18 10:07:14 asp-5c ip_mgmtd[715]: ip_mgmt: EInetInterface_ethr0 (EInetInterface:0) <--> etha01
Mar 18 10:07:14 asp-5c ip_mgmtd[715]: ip_mgmt: EInetInterface_rlan0 (EInetInterface:7) <--> rlan0
Mar 18 10:07:15 asp-5c sshd_check_keys[200]:   generating ssh ECDSA key...
Mar 18 10:07:15 asp-5c sshd_check_keys[200]:   generating ssh DSA key...
Mar 18 10:07:16 asp-5c systemd[1]: Started uSAS log-synchronizer service.
Mar 18 10:07:16 asp-5c python3[601]: log-synchronizerd: log-synchronizer starting watching for file changes
Mar 18 10:07:16 asp-5c python3[601]: log-synchronizerd: Start watching folders: ['/ffs/run/logs/5/autodetection/', '/var/log/usas/l1sw-startup/', '/var/lib/failurehandler/', '/var/lib/coredumper/']
Mar 18 10:07:16 asp-5c systemd[1]: Started uSAS alarm service.
Mar 18 10:07:16 asp-5c python3[718]: alarmd: Alarm daemon listening on sicad: 0x125d04c1
Mar 18 10:07:17 asp-5c certificate-initializer[593]: /
Mar 18 10:07:17 asp-5c systemd[1]: Started uSAS Certificate Initializer Service.
Mar 18 10:07:17 asp-5c systemd[1]: Starting uSAS autodetection service...
Mar 18 10:07:17 asp-5c adet_daemon[953]: Adet: SIC address for autodetection master '0x123D0306'
Mar 18 10:07:17 asp-5c adet_daemon[953]: Adet: SIC address for message broker server '0x10110602'
Mar 18 10:07:17 asp-5c adet_daemon[953]: Adet: last reset event from BMU: 0
Mar 18 10:07:17 asp-5c adet_daemon[953]: Adet: last reset event cleared in BMU
Mar 18 10:07:17 asp-5c adet_daemon[953]: Adet: syscom registration successful with adet/reset sicads: 0x125D04B3/0x125D04A7
Mar 18 10:07:17 asp-5c adet_daemon[953]: Adet: detected bootmode 'hps-first'
Mar 18 10:07:17 asp-5c adet_daemon[953]: Adet: detected RSU status '1'
Mar 18 10:07:17 asp-5c adet_daemon[953]: Adet: detected unit type: 'ASPA'
Mar 18 10:07:17 asp-5c python3[714]: trbl_daemon: syscom registration successful with sicad: 0x125D1501
Mar 18 10:07:17 asp-5c python3[714]: trbl_daemon: Starting handshake with Trbl master at 0x123D060D
Mar 18 10:07:17 asp-5c python3[714]: trbl_daemon: sending AASYSMB_PUBL_CMD_MSG to 0x10110602
Mar 18 10:07:18 asp-5c sshd_check_keys[200]:   generating ssh ED25519 key...
Mar 18 10:07:18 asp-5c systemd[1]: Started OpenSSH Key Generation.
Mar 18 10:07:18 asp-5c systemd[1]: Starting BSH/BSOC SSH Daemon...
Mar 18 10:07:19 asp-5c systemd[1]: Started BSH/BSOC SSH Daemon.
Mar 18 10:07:22 asp-5c python3[714]: trbl_daemon: sending AASYSMB_PUBL_CMD_MSG to 0x10110602
Mar 18 10:07:26 asp-5c adet_daemon[953]: Adet: received API_AUTODET_REQ_MSG from 0x123D0306
Mar 18 10:07:26 asp-5c adet_daemon[953]: Adet: sent API_AUTODET_RESP_MSG
Mar 18 10:07:26 asp-5c adet_daemon[953]: Adet: sent API_AUTODET_CPU_IND_MSG with state 1
Mar 18 10:07:26 asp-5c adet_daemon[953]: Adet: received API_AUTODET_SLAVE_RESP_MSG from 0x123D0306
Mar 18 10:07:26 asp-5c adet_daemon[953]: Adet: handshake successful. Transaction id: 10
Mar 18 10:07:26 asp-5c adet_daemon[953]: Adet: sent AASYSMB_PUBL_CMD_MSG containing API_ONLINE_STATUS_IND_MSG
Mar 18 10:07:26 asp-5c adet_daemon[953]: Adet: firmware updater initialising
Mar 18 10:07:26 asp-5c adet_daemon[953]: Adet_fw_updater: FW check certificates. Ret: 0
Mar 18 10:07:26 asp-5c adet_daemon[953]: Adet_fw_updater: checking update need for BMU FW
Mar 18 10:07:27 asp-5c python3[714]: trbl_daemon: sending AASYSMB_PUBL_CMD_MSG to 0x10110602
Mar 18 10:07:29 asp-5c adet_daemon[953]: bmuflash: BMU version 26.1 (primary; release)
Mar 18 10:07:29 asp-5c adet_daemon[953]: bmuflash: /ffs/run/devicecfg/firmware/ASP-BMUQs-FW.bin version 26.1
Mar 18 10:07:29 asp-5c adet_daemon[953]: bmuflash: BMU expects ASC version 4
Mar 18 10:07:29 asp-5c adet_daemon[953]: bmuflash: ASC0 version 4
Mar 18 10:07:29 asp-5c adet_daemon[953]: bmuflash: /ffs/run/devicecfg/firmware/ASP-ASC0-FW.bin version 4
Mar 18 10:07:29 asp-5c adet_daemon[953]: bmuflash: BMU expects ASC version 4
Mar 18 10:07:29 asp-5c adet_daemon[953]: bmuflash: ASC1 version 4
Mar 18 10:07:29 asp-5c adet_daemon[953]: bmuflash: /ffs/run/devicecfg/firmware/ASP-ASC1-FW.bin version 4
Mar 18 10:07:29 asp-5c adet_daemon[953]: Adet_fw_updater: BMU FW version is already up to date or not checked
Mar 18 10:07:29 asp-5c adet_daemon[953]: Adet_fw_updater: checking update need for QSPI FLASH RSU
Mar 18 10:07:29 asp-5c adet_daemon[953]: Input arguments:
Mar 18 10:07:29 asp-5c adet_daemon[953]: 	Operation mode: 0
Mar 18 10:07:29 asp-5c adet_daemon[953]: 	Bitstream file: /ffs/run/devicecfg/firmware/ASPA-BOOTBITSTREAM-FW.bin
Mar 18 10:07:29 asp-5c adet_daemon[953]: 	U-Boot file: /ffs/run/devicecfg/firmware/ASPA-UBOOT-FW.bin
Mar 18 10:07:29 asp-5c adet_daemon[953]: Current RSU Status :
Mar 18 10:07:29 asp-5c adet_daemon[953]: 	Version : 0
Mar 18 10:07:29 asp-5c adet_daemon[953]: 	State : 0
Mar 18 10:07:29 asp-5c adet_daemon[953]: 	Current image : 600000
Mar 18 10:07:29 asp-5c adet_daemon[953]: 	Last failed image : 0
Mar 18 10:07:29 asp-5c adet_daemon[953]: 	Error location : 0
Mar 18 10:07:29 asp-5c adet_daemon[953]: 	Error deatils: 0
Mar 18 10:07:29 asp-5c adet_daemon[953]: 5 RSU slots found in QSPI:
Mar 18 10:07:29 asp-5c adet_daemon[953]: 	Slot 0 name: PROD100000
Mar 18 10:07:29 asp-5c adet_daemon[953]: 	Slot 0 offset: 0x600000
Mar 18 10:07:29 asp-5c adet_daemon[953]: 	Slot 0 size (bytes): 4194304
Mar 18 10:07:29 asp-5c adet_daemon[953]: 	Slot 0 priority: 1
Mar 18 10:07:29 asp-5c adet_daemon[953]: 	Slot 1 name: PROD200000
Mar 18 10:07:29 asp-5c adet_daemon[953]: 	Slot 1 offset: 0xa00000
Mar 18 10:07:29 asp-5c adet_daemon[953]: 	Slot 1 size (bytes): 4194304
Mar 18 10:07:29 asp-5c adet_daemon[953]: 	Slot 1 priority: 2
Mar 18 10:07:29 asp-5c adet_daemon[953]: 	Slot 2 name: SSBL.FACTORY_IM
Mar 18 10:07:29 asp-5c adet_daemon[953]: 	Slot 2 offset: 0x3f00000
Mar 18 10:07:29 asp-5c adet_daemon[953]: 	Slot 2 size (bytes): 483328
Mar 18 10:07:29 asp-5c adet_daemon[953]: 	Slot 2 priority: 0
Mar 18 10:07:29 asp-5c adet_daemon[953]: 	Slot 3 name: SSBL.PROD200000
Mar 18 10:07:29 asp-5c adet_daemon[953]: 	Slot 3 offset: 0x3e00000
Mar 18 10:07:29 asp-5c adet_daemon[953]: 	Slot 3 size (bytes): 483328
Mar 18 10:07:29 asp-5c adet_daemon[953]: 	Slot 3 priority: 0
Mar 18 10:07:29 asp-5c adet_daemon[953]: 	Slot 4 name: SSBL.PROD100000
Mar 18 10:07:29 asp-5c adet_daemon[953]: 	Slot 4 offset: 0x3d00000
Mar 18 10:07:29 asp-5c adet_daemon[953]: 	Slot 4 size (bytes): 483328
Mar 18 10:07:29 asp-5c adet_daemon[953]: 	Slot 4 priority: 0
Mar 18 10:07:29 asp-5c adet_daemon[953]: QSPI mtd_info:
Mar 18 10:07:29 asp-5c adet_daemon[953]: 	MTD type: 3
Mar 18 10:07:29 asp-5c adet_daemon[953]: 	MTD total size : 67108864 bytes
Mar 18 10:07:29 asp-5c adet_daemon[953]: 	MTD erase size : 65536 bytes
Mar 18 10:07:29 asp-5c adet_daemon[953]: Verifying input Uboot file.....OK!
Mar 18 10:07:30 asp-5c adet_daemon[953]: U-Boot filesize: 572Kb
Mar 18 10:07:30 asp-5c adet_daemon[953]: Bitstream filesize: 4096Kb
Mar 18 10:07:30 asp-5c adet_daemon[953]: SSBL.PROD100000 U-Boot offset: 3d00000
Mar 18 10:07:30 asp-5c adet_daemon[953]: SSBL.PROD200000 U-Boot offset: 3e00000
Mar 18 10:07:30 asp-5c adet_daemon[953]: Verifying Bitstream & U-Boot on QSPI:
Mar 18 10:07:30 asp-5c adet_daemon[953]: -------------------
Mar 18 10:07:30 asp-5c kernel: random: crng init done
Mar 18 10:07:30 asp-5c kernel[229]: [   36.052950] random: crng init done
Mar 18 10:07:30 asp-5c adet_daemon[953]: Reading U-Boot from QSPI offset 3d00000 for verification...OK!
Mar 18 10:07:32 asp-5c python3[714]: trbl_daemon: sending AASYSMB_PUBL_CMD_MSG to 0x10110602
Mar 18 10:07:34 asp-5c adet_daemon[953]: Calculated MD5 hashes for /ffs/run/devicecfg/firmware/ASPA-UBOOT-FW.bin:
Mar 18 10:07:34 asp-5c adet_daemon[953]: 	Corresponding file in (Q)SPI:
Mar 18 10:07:34 asp-5c adet_daemon[953]: 	a87a0b8da7b63531ca6914b27df5f9
Mar 18 10:07:34 asp-5c adet_daemon[953]: 	File to be updated:
Mar 18 10:07:34 asp-5c adet_daemon[953]: 	a87a0b8da7b63531ca6914b27df5f9
Mar 18 10:07:36 asp-5c adet_daemon[953]: Adet: firmware checking ongoing
Mar 18 10:07:37 asp-5c python3[714]: trbl_daemon: sending AASYSMB_PUBL_CMD_MSG to 0x10110602
Mar 18 10:07:38 asp-5c adet_daemon[953]: Reading bitstream metadata from QSPI offset 600000 for verification...OK!
Mar 18 10:07:38 asp-5c adet_daemon[953]: Calculated MD5 hashes for /ffs/run/devicecfg/firmware/ASPA-BOOTBITSTREAM-FW.bin:
Mar 18 10:07:38 asp-5c adet_daemon[953]: 	Corresponding file in (Q)SPI:
Mar 18 10:07:38 asp-5c adet_daemon[953]: 	6af66668e966fc97784cceeff53c9cb
Mar 18 10:07:38 asp-5c adet_daemon[953]: 	File to be updated:
Mar 18 10:07:38 asp-5c adet_daemon[953]: 	6af66668e966fc97784cceeff53c9cb
Mar 18 10:07:39 asp-5c adet_daemon[953]: Reading U-Boot from QSPI offset 3e00000 for verification...OK!
Mar 18 10:07:42 asp-5c python3[714]: trbl_daemon: sending AASYSMB_PUBL_CMD_MSG to 0x10110602
Mar 18 10:07:43 asp-5c adet_daemon[953]: Calculated MD5 hashes for /ffs/run/devicecfg/firmware/ASPA-UBOOT-FW.bin:
Mar 18 10:07:43 asp-5c adet_daemon[953]: 	Corresponding file in (Q)SPI:
Mar 18 10:07:43 asp-5c adet_daemon[953]: 	a87a0b8da7b63531ca6914b27df5f9
Mar 18 10:07:43 asp-5c adet_daemon[953]: 	File to be updated:
Mar 18 10:07:43 asp-5c adet_daemon[953]: 	a87a0b8da7b63531ca6914b27df5f9
Mar 18 10:07:46 asp-5c adet_daemon[953]: Adet: firmware checking ongoing
Mar 18 10:07:47 asp-5c adet_daemon[953]: Reading bitstream metadata from QSPI offset a00000 for verification...OK!
Mar 18 10:07:47 asp-5c adet_daemon[953]: Calculated MD5 hashes for /ffs/run/devicecfg/firmware/ASPA-BOOTBITSTREAM-FW.bin:
Mar 18 10:07:47 asp-5c adet_daemon[953]: 	Corresponding file in (Q)SPI:
Mar 18 10:07:47 asp-5c adet_daemon[953]: 	6af66668e966fc97784cceeff53c9cb
Mar 18 10:07:47 asp-5c adet_daemon[953]: 	File to be updated:
Mar 18 10:07:47 asp-5c adet_daemon[953]: 	6af66668e966fc97784cceeff53c9cb
Mar 18 10:07:47 asp-5c adet_daemon[953]: OK!
Mar 18 10:07:47 asp-5c adet_daemon[953]: Images to be updated match QSPI contents. No need to update.
Mar 18 10:07:47 asp-5c adet_daemon[953]: ----Firmware NOT updated----
Mar 18 10:07:47 asp-5c adet_daemon[953]: Adet_fw_updater: QSPI FLASH RSU version is already up to date or not checked
Mar 18 10:07:47 asp-5c adet_daemon[953]: Adet_fw_updater: Logger release called, ring buffer contents flushed.
Mar 18 10:07:47 asp-5c systemd[1]: Started uSAS autodetection service.
Mar 18 10:07:47 asp-5c systemd[1]: Reached target Multi-User System.
Mar 18 10:07:47 asp-5c systemd[1]: Starting Update UTMP about System Runlevel Changes...
Mar 18 10:07:47 asp-5c systemd[1]: Starting uSAS FPGA loader...
Mar 18 10:07:47 asp-5c fpga_loader[1025]: Running fpga-loader version: 1.0.1
Mar 18 10:07:47 asp-5c adet_daemon[953]: Adet: notified systemd that adet is ready
Mar 18 10:07:47 asp-5c fpga_loader[1025]: BOARD=abil
Mar 18 10:07:47 asp-5c systemd[1]: Started Update UTMP about System Runlevel Changes.
Mar 18 10:07:47 asp-5c fpga_loader[1025]: BOOTMODE=hps-first
Mar 18 10:07:47 asp-5c fpga_loader[1025]: STAGE_TWO_BITSTREAM_BASE_NAME=5GL1FPGA0
Mar 18 10:07:47 asp-5c fpga_loader[1025]: Copying /ffs/run/devicecfg/apps/5GL1FPGA0.bin to /lib/firmware/l1-application-bitstream.core.rbf
Mar 18 10:07:47 asp-5c python3[714]: trbl_daemon: sending AASYSMB_PUBL_CMD_MSG to 0x10110602
Mar 18 10:07:52 asp-5c python3[714]: trbl_daemon: sending AASYSMB_PUBL_CMD_MSG to 0x10110602
Mar 18 10:07:52 asp-5c fpga_loader[1025]: MD5 sum: 83d9972cc7ee6e2042053b11f8a7920c
Mar 18 10:07:53 asp-5c fpga_loader[1025]: Copying /ffs/run/devicecfg/apps/5GL1FPGA0.dtbo to /lib/firmware/l1-application-bitstream.dtbo
Mar 18 10:07:53 asp-5c fpga_loader[1025]: Loading l1-application-bitstream.dtbo
Mar 18 10:07:53 asp-5c kernel: fpga_manager fpga0: writing l1-application-bitstream.core.rbf to Stratix10 SOC FPGA Manager
Mar 18 10:07:55 asp-5c kernel: Stratix10 SoC FPGA manager soc:fpga-mgr@0: Requesting full reconfiguration.
Mar 18 10:07:53 asp-5c kernel[229]: [   59.559569] fpga_manager fpga0: writing l1-application-bitstream.core.rbf to Stratix10 SOC FPGA Manager
Mar 18 10:07:53 asp-5c kernel[229]: [   59.654234] Stratix10 SoC FPGA manager soc:fpga-mgr@0: Requesting full reconfiguration.
Mar 18 10:07:55 asp-5c kernel: socfpga-dwmac ff802000.ethernet: PTP uses main clock
Mar 18 10:07:55 asp-5c kernel: stmmac - user ID: 0x11, Synopsys ID: 0x37
Mar 18 10:07:55 asp-5c kernel[229]: [   61.045140] socfpga-dwmac ff802000.ethernet: PTP uses main clock
Mar 18 10:07:55 asp-5c kernel[229]: [   61.051503] stmmac - user ID: 0x11, Synopsys ID: 0x37
Mar 18 10:07:55 asp-5c kernel: socfpga-dwmac ff802000.ethernet: Ring mode enabled
Mar 18 10:07:55 asp-5c kernel[229]: [   61.062861] socfpga-dwmac ff802000.ethernet: Ring mode enabled
Mar 18 10:07:55 asp-5c kernel: socfpga-dwmac ff802000.ethernet: DMA HW capability register supported
Mar 18 10:07:55 asp-5c kernel[229]: [   61.080478] socfpga-dwmac ff802000.ethernet: DMA HW capability register supported
Mar 18 10:07:55 asp-5c kernel: socfpga-dwmac ff802000.ethernet: Enhanced/Alternate descriptors
Mar 18 10:07:55 asp-5c kernel[229]: [   61.095669] socfpga-dwmac ff802000.ethernet: Enhanced/Alternate descriptors
Mar 18 10:07:55 asp-5c kernel: socfpga-dwmac ff802000.ethernet: Enabled extended descriptors
Mar 18 10:07:55 asp-5c kernel[229]: [   61.107388] socfpga-dwmac ff802000.ethernet: Enabled extended descriptors
Mar 18 10:07:55 asp-5c kernel: socfpga-dwmac ff802000.ethernet: RX Checksum Offload Engine supported
Mar 18 10:07:55 asp-5c kernel[229]: [   61.116334] socfpga-dwmac ff802000.ethernet: RX Checksum Offload Engine supported
Mar 18 10:07:55 asp-5c kernel: socfpga-dwmac ff802000.ethernet: COE Type 2
Mar 18 10:07:55 asp-5c kernel[229]: [   61.125399] socfpga-dwmac ff802000.ethernet: COE Type 2
Mar 18 10:07:55 asp-5c kernel: socfpga-dwmac ff802000.ethernet: TX Checksum insertion supported
Mar 18 10:07:55 asp-5c kernel[229]: [   61.132231] socfpga-dwmac ff802000.ethernet: TX Checksum insertion supported
Mar 18 10:07:55 asp-5c kernel: socfpga-dwmac ff802000.ethernet: Enable RX Mitigation via HW Watchdog Timer
Mar 18 10:07:55 asp-5c kernel[229]: [   61.140805] socfpga-dwmac ff802000.ethernet: Enable RX Mitigation via HW Watchdog Timer
Mar 18 10:07:55 asp-5c fpga_loader[1025]: Loaded l1-application-bitstream.dtbo
Mar 18 10:07:55 asp-5c systemd[1]: Started uSAS FPGA loader.
Mar 18 10:07:55 asp-5c systemd[1]: Starting Syncmaster Daemon...
Mar 18 10:07:55 asp-5c kernel: socfpga-dwmac ff802000.ethernet rlan0: renamed from eth0
Mar 18 10:07:55 asp-5c kernel[229]: [   61.158397] socfpga-dwmac ff802000.ethernet rlan0: renamed from eth0
Mar 18 10:07:55 asp-5c systemd[1]: Started uSAS temperature management service.
Mar 18 10:07:55 asp-5c systemd[1]: Started uSAS LED management service.
Mar 18 10:07:55 asp-5c systemd[1]: Started uSAS node time synchronization service.
Mar 18 10:07:55 asp-5c systemd[1]: Started uSAS Software Download service.
Mar 18 10:07:55 asp-5c systemd[1]: Started uSAS SFP (Small Form-factor Pluggable (transceiver)) service.
Mar 18 10:07:55 asp-5c systemd[1]: Started uSAS BMU watchdog daemon.
Mar 18 10:07:55 asp-5c syncd[1053]: syncd: Base address for HW access is 0xDF000000
Mar 18 10:07:55 asp-5c systemd[1]: Reached target FPGA target.
Mar 18 10:07:55 asp-5c syncd[1053]: syncd: Map size is 0x40000
Mar 18 10:07:55 asp-5c systemd[1]: Started uSAS BCN sync via UDP daemon.
Mar 18 10:07:55 asp-5c syncd[1053]: syncd: Running, sicad: 0x125D04DB
Mar 18 10:07:55 asp-5c systemd[1]: Starting uSAS FPGA configurator...
Mar 18 10:07:55 asp-5c fpga_configurator[1058]: FPGA bitstream variant: TDD-CPRI
Mar 18 10:07:55 asp-5c fpga_configurator[1058]: Set L2 Ethernet link
Mar 18 10:07:55 asp-5c systemd-networkd[350]: eth0: Renamed to rlan0
Mar 18 10:07:55 asp-5c swdld[1054]: swdld: starting
Mar 18 10:07:55 asp-5c swdld[1054]: swdld: checking operation mode, env. variables are BOOTMODE: hps-first, RSU: 1
Mar 18 10:07:55 asp-5c systemd[1]: Started Syncmaster Daemon.
Mar 18 10:07:55 asp-5c swdld[1054]: swdld: operation mode is RSU
Mar 18 10:07:55 asp-5c swdld[1054]: swdld: in RSU mode
Mar 18 10:07:55 asp-5c fpga_configurator[1058]: Setting Ethernet link to Xeon
Mar 18 10:07:55 asp-5c syncmaster[1070]: SYNCMASTER: Syncmaster software version: 1.0.4
